Change Component Designator: Old Designator=? New Designator=17
Change Component Designator: Old Designator=? New Designator=21
Change Component Designator: Old Designator=? New Designator=25
Change Component Designator: Old Designator=? New Designator=29
Change Component Designator: Old Designator=? New Designator=17
Change Component Designator: Old Designator=? New Designator=21
Change Component Designator: Old Designator=? New Designator=25
Change Component Designator: Old Designator=? New Designator=29
Change Component Designator: Old Designator=? New Designator=18
Change Component Designator: Old Designator=? New Designator=19
Change Component Designator: Old Designator=? New Designator=20
Change Component Designator: Old Designator=? New Designator=22
Change Component Designator: Old Designator=? New Designator=23
Change Component Designator: Old Designator=? New Designator=24
Change Component Designator: Old Designator=? New Designator=26
Change Component Designator: Old Designator=? New Designator=27
Change Component Designator: Old Designator=? New Designator=28
Change Component Designator: Old Designator=? New Designator=30
Change Component Designator: Old Designator=? New Designator=31
Change Component Designator: Old Designator=? New Designator=32
Change Component Designator: Old Designator=C? New Designator=C41
Change Component Designator: Old Designator=C? New Designator=C42
Change Component Designator: Old Designator=C? New Designator=C43
Change Component Designator: Old Designator=C? New Designator=C44
Change Component Designator: Old Designator=C? New Designator=C45
Change Component Designator: Old Designator=C? New Designator=C46
Change Component Designator: Old Designator=C? New Designator=C47
Change Component Designator: Old Designator=C? New Designator=C48
Change Component Designator: Old Designator=C? New Designator=C49
Change Component Designator: Old Designator=C? New Designator=C50
Change Component Designator: Old Designator=C? New Designator=C51
Change Component Designator: Old Designator=C? New Designator=C52
Change Component Designator: Old Designator=C? New Designator=C53
Change Component Designator: Old Designator=C? New Designator=C54
Change Component Designator: Old Designator=C? New Designator=C55
Change Component Designator: Old Designator=C? New Designator=C56
Change Component Designator: Old Designator=C? New Designator=C57
Change Component Designator: Old Designator=C? New Designator=C58
Change Component Designator: Old Designator=C? New Designator=C59
Change Component Designator: Old Designator=C? New Designator=C60
Change Component Designator: Old Designator=C? New Designator=C61
Change Component Designator: Old Designator=C? New Designator=C62
Change Component Designator: Old Designator=C? New Designator=C63
Change Component Designator: Old Designator=C? New Designator=C64
Change Component Designator: Old Designator=C? New Designator=C65
Change Component Designator: Old Designator=C? New Designator=C66
Change Component Designator: Old Designator=C? New Designator=C67
Change Component Designator: Old Designator=C? New Designator=C68
Change Component Designator: Old Designator=C? New Designator=C69
Change Component Designator: Old Designator=C? New Designator=C70
Change Component Designator: Old Designator=C? New Designator=C71
Change Component Designator: Old Designator=C? New Designator=C72
Change Component Designator: Old Designator=C? New Designator=C73
Change Component Designator: Old Designator=C? New Designator=C74
Change Component Designator: Old Designator=C? New Designator=C75
Change Component Designator: Old Designator=C? New Designator=C76
Change Component Designator: Old Designator=C? New Designator=C77
Change Component Designator: Old Designator=C? New Designator=C78
Change Component Designator: Old Designator=C? New Designator=C79
Change Component Designator: Old Designator=C? New Designator=C80
Change Component Designator: Old Designator=D? New Designator=D5
Change Component Designator: Old Designator=D? New Designator=D6
Change Component Designator: Old Designator=D? New Designator=D7
Change Component Designator: Old Designator=D? New Designator=D8
Change Component Designator: Old Designator=JP? New Designator=JP25
Change Component Designator: Old Designator=JP? New Designator=JP26
Change Component Designator: Old Designator=JP? New Designator=JP27
Change Component Designator: Old Designator=JP? New Designator=JP28
Change Component Designator: Old Designator=JP? New Designator=JP29
Change Component Designator: Old Designator=JP? New Designator=JP30
Change Component Designator: Old Designator=JP? New Designator=JP31
Change Component Designator: Old Designator=JP? New Designator=JP32
Change Component Designator: Old Designator=JP? New Designator=JP33
Change Component Designator: Old Designator=JP? New Designator=JP34
Change Component Designator: Old Designator=JP? New Designator=JP35
Change Component Designator: Old Designator=JP? New Designator=JP36
Change Component Designator: Old Designator=JP? New Designator=JP37
Change Component Designator: Old Designator=JP? New Designator=JP38
Change Component Designator: Old Designator=JP? New Designator=JP39
Change Component Designator: Old Designator=JP? New Designator=JP40
Change Component Designator: Old Designator=JP? New Designator=JP41
Change Component Designator: Old Designator=JP? New Designator=JP42
Change Component Designator: Old Designator=JP? New Designator=JP43
Change Component Designator: Old Designator=JP? New Designator=JP44
Change Component Designator: Old Designator=JP? New Designator=JP45
Change Component Designator: Old Designator=JP? New Designator=JP46
Change Component Designator: Old Designator=JP? New Designator=JP47
Change Component Designator: Old Designator=JP? New Designator=JP48
Change Component Designator: Old Designator=R? New Designator=R113
Change Component Designator: Old Designator=R? New Designator=R114
Change Component Designator: Old Designator=R? New Designator=R115
Change Component Designator: Old Designator=R? New Designator=R116
Change Component Designator: Old Designator=R? New Designator=R117
Change Component Designator: Old Designator=R? New Designator=R118
Change Component Designator: Old Designator=R? New Designator=R119
Change Component Designator: Old Designator=R? New Designator=R120
Change Component Designator: Old Designator=R? New Designator=R121
Change Component Designator: Old Designator=R? New Designator=R122
Change Component Designator: Old Designator=R? New Designator=R123
Change Component Designator: Old Designator=R? New Designator=R124
Change Component Designator: Old Designator=R? New Designator=R125
Change Component Designator: Old Designator=R? New Designator=R126
Change Component Designator: Old Designator=R? New Designator=R127
Change Component Designator: Old Designator=R? New Designator=R128
Change Component Designator: Old Designator=R? New Designator=R129
Change Component Designator: Old Designator=R? New Designator=R130
Change Component Designator: Old Designator=R? New Designator=R131
Change Component Designator: Old Designator=R? New Designator=R132
Change Component Designator: Old Designator=R? New Designator=R133
Change Component Designator: Old Designator=R? New Designator=R134
Change Component Designator: Old Designator=R? New Designator=R135
Change Component Designator: Old Designator=R? New Designator=R136
Change Component Designator: Old Designator=R? New Designator=R137
Change Component Designator: Old Designator=R? New Designator=R138
Change Component Designator: Old Designator=R? New Designator=R139
Change Component Designator: Old Designator=R? New Designator=R140
Change Component Designator: Old Designator=R? New Designator=R141
Change Component Designator: Old Designator=R? New Designator=R142
Change Component Designator: Old Designator=R? New Designator=R143
Change Component Designator: Old Designator=R? New Designator=R144
Change Component Designator: Old Designator=R? New Designator=R145
Change Component Designator: Old Designator=R? New Designator=R146
Change Component Designator: Old Designator=R? New Designator=R147
Change Component Designator: Old Designator=R? New Designator=R148
Change Component Designator: Old Designator=R? New Designator=R149
Change Component Designator: Old Designator=R? New Designator=R150
Change Component Designator: Old Designator=R? New Designator=R151
Change Component Designator: Old Designator=R? New Designator=R152
Change Component Designator: Old Designator=R? New Designator=R153
Change Component Designator: Old Designator=R? New Designator=R154
Change Component Designator: Old Designator=R? New Designator=R155
Change Component Designator: Old Designator=R? New Designator=R156
Change Component Designator: Old Designator=R? New Designator=R157
Change Component Designator: Old Designator=R? New Designator=R158
Change Component Designator: Old Designator=R? New Designator=R159
Change Component Designator: Old Designator=R? New Designator=R160
Change Component Designator: Old Designator=R? New Designator=R161
Change Component Designator: Old Designator=R? New Designator=R162
Change Component Designator: Old Designator=R? New Designator=R163
Change Component Designator: Old Designator=R? New Designator=R164
Change Component Designator: Old Designator=R? New Designator=R165
Change Component Designator: Old Designator=R? New Designator=R166
Change Component Designator: Old Designator=R? New Designator=R167
Change Component Designator: Old Designator=R? New Designator=R168
Change Component Designator: Old Designator=R? New Designator=R169
Change Component Designator: Old Designator=R? New Designator=R170
Change Component Designator: Old Designator=R? New Designator=R171
Change Component Designator: Old Designator=R? New Designator=R172
Change Component Designator: Old Designator=R? New Designator=R173
Change Component Designator: Old Designator=R? New Designator=R174
Change Component Designator: Old Designator=R? New Designator=R175
Change Component Designator: Old Designator=R? New Designator=R176
Change Component Designator: Old Designator=R? New Designator=R177
Change Component Designator: Old Designator=R? New Designator=R178
Change Component Designator: Old Designator=R? New Designator=R179
Change Component Designator: Old Designator=R? New Designator=R180
Change Component Designator: Old Designator=R? New Designator=R181
Change Component Designator: Old Designator=R? New Designator=R182
Change Component Designator: Old Designator=R? New Designator=R183
Change Component Designator: Old Designator=R? New Designator=R184
Change Component Designator: Old Designator=R? New Designator=R185
Change Component Designator: Old Designator=R? New Designator=R186
Change Component Designator: Old Designator=R? New Designator=R187
Change Component Designator: Old Designator=R? New Designator=R188
Change Component Designator: Old Designator=R? New Designator=R189
Change Component Designator: Old Designator=R? New Designator=R190
Change Component Designator: Old Designator=R? New Designator=R191
Change Component Designator: Old Designator=R? New Designator=R192
Change Component Designator: Old Designator=R? New Designator=R193
Change Component Designator: Old Designator=R? New Designator=R194
Change Component Designator: Old Designator=R? New Designator=R195
Change Component Designator: Old Designator=R? New Designator=R196
Change Component Designator: Old Designator=R? New Designator=R197
Change Component Designator: Old Designator=R? New Designator=R198
Change Component Designator: Old Designator=R? New Designator=R199
Change Component Designator: Old Designator=R? New Designator=R200
Change Component Designator: Old Designator=R? New Designator=R201
Change Component Designator: Old Designator=R? New Designator=R202
Change Component Designator: Old Designator=R? New Designator=R203
Change Component Designator: Old Designator=R? New Designator=R204
Change Component Designator: Old Designator=R? New Designator=R205
Change Component Designator: Old Designator=R? New Designator=R206
Change Component Designator: Old Designator=R? New Designator=R207
Change Component Designator: Old Designator=R? New Designator=R208
Change Component Designator: Old Designator=R? New Designator=R209
Change Component Designator: Old Designator=R? New Designator=R210
Change Component Designator: Old Designator=R? New Designator=R211
Change Component Designator: Old Designator=R? New Designator=R212
Change Component Designator: Old Designator=R? New Designator=R213
Change Component Designator: Old Designator=R? New Designator=R214
Change Component Designator: Old Designator=R? New Designator=R215
Change Component Designator: Old Designator=R? New Designator=R216
Change Component Designator: Old Designator=R? New Designator=R217
Change Component Designator: Old Designator=R? New Designator=R218
Change Component Designator: Old Designator=R? New Designator=R219
Change Component Designator: Old Designator=R? New Designator=R220
Change Component Designator: Old Designator=R? New Designator=R221
Change Component Designator: Old Designator=R? New Designator=R222
Change Component Designator: Old Designator=R? New Designator=R223
Change Component Designator: Old Designator=R? New Designator=R224
