Component: ARM Compiler 5.06 update 7 (build 960) Tool: armlink [4d3601]

==============================================================================

Section Cross References

    system_lpc177x_8x.o(.text) refers to system_lpc177x_8x.o(.data) for SystemCoreClock
    ethmac.o(.text) refers to ethmac.o(.data) for txptr
    startup_lpc177x_8x.o(STACK) refers (Special) to heapauxi.o(.text) for __use_two_region_memory
    startup_lpc177x_8x.o(HEAP) refers (Special) to heapauxi.o(.text) for __use_two_region_memory
    startup_lpc177x_8x.o(RESET) refers (Special) to heapauxi.o(.text) for __use_two_region_memory
    startup_lpc177x_8x.o(RESET) refers to startup_lpc177x_8x.o(STACK) for __initial_sp
    startup_lpc177x_8x.o(RESET) refers to startup_lpc177x_8x.o(.text) for Reset_Handler
    startup_lpc177x_8x.o(RESET) refers to ew_systick.o(.text) for SysTick_Handler
    startup_lpc177x_8x.o(.text) refers (Special) to heapauxi.o(.text) for __use_two_region_memory
    startup_lpc177x_8x.o(.text) refers to system_lpc177x_8x.o(.text) for SystemInit
    startup_lpc177x_8x.o(.text) refers to __main.o(!!!main) for __main
    startup_lpc177x_8x.o(.text) refers to startup_lpc177x_8x.o(HEAP) for Heap_Mem
    startup_lpc177x_8x.o(.text) refers to startup_lpc177x_8x.o(STACK) for Stack_Mem
    easyweb.o(.text) refers to _printf_pad.o(.text) for _printf_pre_padding
    easyweb.o(.text) refers to _printf_percent.o(.ARM.Collect$$_printf_percent$$00000000) for _printf_percent
    easyweb.o(.text) refers to _printf_d.o(.ARM.Collect$$_printf_percent$$00000009) for _printf_d
    easyweb.o(.text) refers to _printf_dec.o(.text) for _printf_int_dec
    easyweb.o(.text) refers to _printf_u.o(.ARM.Collect$$_printf_percent$$0000000A) for _printf_u
    easyweb.o(.text) refers to strstr.o(.text) for strstr
    easyweb.o(.text) refers to strlen.o(.text) for strlen
    easyweb.o(.text) refers to atoi.o(.text) for atoi
    easyweb.o(.text) refers to serial.o(.text) for SER_PutChar
    easyweb.o(.text) refers to atof.o(i.atof) for atof
    easyweb.o(.text) refers to d2f.o(x$fpl$d2f) for __aeabi_d2f
    easyweb.o(.text) refers to easyweb.o(.bss) for _RxTCPBuffer
    easyweb.o(.text) refers to easyweb.o(.data) for buff_
    easyweb.o(.text) refers to fflt_clz.o(x$fpl$fflt) for __aeabi_i2f
    easyweb.o(.text) refers to fdiv.o(x$fpl$fdiv) for __aeabi_fdiv
    easyweb.o(.text) refers to f2d.o(x$fpl$f2d) for __aeabi_f2d
    easyweb.o(.text) refers to daddsub_clz.o(x$fpl$dsub) for __aeabi_dsub
    easyweb.o(.text) refers to easyweb.o(.constdata) for .constdata
    easyweb.o(.text) refers to deqf.o(x$fpl$deqf) for __aeabi_cdcmpeq
    easyweb.o(.text) refers to dleqf.o(x$fpl$dleqf) for __aeabi_cdcmple
    easyweb.o(.text) refers to drleqf.o(x$fpl$drleqf) for __aeabi_cdrcmple
    easyweb.o(.text) refers to daddsub_clz.o(x$fpl$dadd) for __aeabi_dadd
    easyweb.o(.text) refers to dmul.o(x$fpl$dmul) for __aeabi_dmul
    easyweb.o(.text) refers to dfix.o(x$fpl$dfix) for __aeabi_d2iz
    easyweb.o(.text) refers to faddsub_clz.o(x$fpl$fsub) for __aeabi_fsub
    easyweb.o(.text) refers to dflt_clz.o(x$fpl$dflt) for __aeabi_i2d
    easyweb.o(.text) refers to ddiv.o(x$fpl$ddiv) for __aeabi_ddiv
    easyweb.o(.text) refers to fmul.o(x$fpl$fmul) for __aeabi_fmul
    easyweb.o(.text) refers to tcpip.o(.text) for TCPReleaseRxBuffer
    easyweb.o(.text) refers to rt_memcpy_v6.o(.text) for __aeabi_memcpy
    easyweb.o(.text) refers to noretval__2sprintf.o(.text) for __2sprintf
    ew_systick.o(.text) refers to tcpip.o(.text) for TCPClockHandler
    ew_systick.o(.text) refers to ew_systick.o(.data) for TimeTick
    ew_systick.o(.text) refers to system_lpc177x_8x.o(.data) for SystemCoreClock
    tcpip.o(.text) refers to ew_systick.o(.text) for Start_SysTick10ms
    tcpip.o(.text) refers to ethmac.o(.text) for Init_EthMAC
    tcpip.o(.text) refers to aeabi_memset.o(.text) for __aeabi_memset
    tcpip.o(.text) refers to easyweb.o(.data) for TransmitControl
    tcpip.o(.text) refers to easyweb.o(.bss) for _TxFrame2
    tcpip.o(.text) refers to tcpip.o(.constdata) for MyMAC
    tcpip.o(.text) refers to easyweb.o(.constdata) for MyIP
    tcpip.o(.text) refers to memcmp.o(.text) for memcmp
    __2sprintf.o(.text) refers to _printf_char_common.o(.text) for _printf_char_common
    __2sprintf.o(.text) refers to _sputc.o(.text) for _sputc
    noretval__2sprintf.o(.text) refers to _printf_char_common.o(.text) for _printf_char_common
    noretval__2sprintf.o(.text) refers to _sputc.o(.text) for _sputc
    __printf.o(.text) refers to _printf_percent.o(.ARM.Collect$$_printf_percent$$00000000) for _printf_percent
    _printf_dec.o(.text) refers to _printf_intcommon.o(.text) for _printf_int_common
    __printf_flags.o(.text) refers to _printf_percent.o(.ARM.Collect$$_printf_percent$$00000000) for _printf_percent
    __printf_flags.o(.text) refers to __printf_flags.o(.constdata) for .constdata
[...]
    ../clib/stdlib.c                         0x00000000   Number         0  exit.o ABSOLUTE
    ../clib/string.c                         0x00000000   Number         0  memcmp.o ABSOLUTE
    ../clib/string.c                         0x00000000   Number         0  strstr.o ABSOLUTE
    ../clib/string.c                         0x00000000   Number         0  strlen.o ABSOLUTE
    ../fplib/d2f.s                           0x00000000   Number         0  d2f.o ABSOLUTE
    ../fplib/daddsub.s                       0x00000000   Number         0  daddsub_clz.o ABSOLUTE
    ../fplib/dcheck1.s                       0x00000000   Number         0  dcheck1.o ABSOLUTE
    ../fplib/dcmpi.s                         0x00000000   Number         0  dcmpi.o ABSOLUTE
    ../fplib/ddiv.s                          0x00000000   Number         0  ddiv.o ABSOLUTE
    ../fplib/deqf.s                          0x00000000   Number         0  deqf.o ABSOLUTE
    ../fplib/dfix.s                          0x00000000   Number         0  dfix.o ABSOLUTE
    ../fplib/dflt.s                          0x00000000   Number         0  dflt_clz.o ABSOLUTE
    ../fplib/dleqf.s                         0x00000000   Number         0  dleqf.o ABSOLUTE
    ../fplib/dmul.s                          0x00000000   Number         0  dmul.o ABSOLUTE
    ../fplib/dnaninf.s                       0x00000000   Number         0  dnaninf.o ABSOLUTE
    ../fplib/dretinf.s                       0x00000000   Number         0  dretinf.o ABSOLUTE
    ../fplib/drleqf.s                        0x00000000   Number         0  drleqf.o ABSOLUTE
    ../fplib/f2d.s                           0x00000000   Number         0  f2d.o ABSOLUTE
    ../fplib/faddsub.s                       0x00000000   Number         0  faddsub_clz.o ABSOLUTE
    ../fplib/fdiv.s                          0x00000000   Number         0  fdiv.o ABSOLUTE
    ../fplib/fflt.s                          0x00000000   Number         0  fflt_clz.o ABSOLUTE
    ../fplib/fmul.s                          0x00000000   Number         0  fmul.o ABSOLUTE
    ../fplib/fnaninf.s                       0x00000000   Number         0  fnaninf.o ABSOLUTE
    ../fplib/fpconst.s                       0x00000000   Number         0  fpconst.o ABSOLUTE
    ../fplib/fpinit.s                        0x00000000   Number         0  fpinit.o ABSOLUTE
    ../fplib/fretinf.s                       0x00000000   Number         0  fretinf.o ABSOLUTE
    ../fplib/istatus.s                       0x00000000   Number         0  istatus.o ABSOLUTE
    ../fplib/retnan.s                        0x00000000   Number         0  retnan.o ABSOLUTE
    ../fplib/scalbn.s                        0x00000000   Number         0  scalbn.o ABSOLUTE
    ../fplib/scanf1.s                        0x00000000   Number         0  scanf1.o ABSOLUTE
    ../fplib/scanf2.s                        0x00000000   Number         0  scanf2.o ABSOLUTE
    ../fplib/scanf2a.s                       0x00000000   Number         0  scanf2a.o ABSOLUTE
    ../fplib/scanf2b.s                       0x00000000   Number         0  scanf2b.o ABSOLUTE
    ../fplib/trapv.s                         0x00000000   Number         0  trapv.o ABSOLUTE
    ../fplib/usenofp.s                       0x00000000   Number         0  usenofp.o ABSOLUTE
    ../mathlib/atof.c                        0x00000000   Number         0  atof.o ABSOLUTE
    ../mathlib/dunder.c                      0x00000000   Number         0  dunder.o ABSOLUTE
    ../mathlib/frexp.c                       0x00000000   Number         0  frexp.o ABSOLUTE
    ../mathlib/ldexp.c                       0x00000000   Number         0  ldexp.o ABSOLUTE
    ../mathlib/ldexp.c                       0x00000000   Number         0  ldexp_x.o ABSOLUTE
    ../mathlib/narrow.c                      0x00000000   Number         0  narrow.o ABSOLUTE
    ../mathlib/qnan.c                        0x00000000   Number         0  qnan.o ABSOLUTE
    ..\..\Lib_CMSIS\src\system_LPC177x_8x.c  0x00000000   Number         0  system_lpc177x_8x.o ABSOLUTE
    ..\..\Lib_OemBoard\src\ethmac.c          0x00000000   Number         0  ethmac.o ABSOLUTE
    ..\..\c_keil_uvision\startup_LPC177x_8x.s 0x00000000   Number         0  startup_lpc177x_8x.o ABSOLUTE
    ..\\..\\Lib_CMSIS\\src\\system_LPC177x_8x.c 0x00000000   Number         0  system_lpc177x_8x.o ABSOLUTE
    ..\\..\\Lib_OemBoard\\src\\ethmac.c      0x00000000   Number         0  ethmac.o ABSOLUTE
    ..\\src\\Serial.c                        0x00000000   Number         0  serial.o ABSOLUTE
    ..\\src\\easyweb.c                       0x00000000   Number         0  easyweb.o ABSOLUTE
    ..\\src\\ew_systick.c                    0x00000000   Number         0  ew_systick.o ABSOLUTE
    ..\\src\\tcpip.c                         0x00000000   Number         0  tcpip.o ABSOLUTE
    ..\src\Serial.c                          0x00000000   Number         0  serial.o ABSOLUTE
    ..\src\easyweb.c                         0x00000000   Number         0  easyweb.o ABSOLUTE
    ..\src\ew_systick.c                      0x00000000   Number         0  ew_systick.o ABSOLUTE
    ..\src\tcpip.c                           0x00000000   Number         0  tcpip.o ABSOLUTE
    dc.s                                     0x00000000   Number         0  dc.o ABSOLUTE
    !!!main                                  0x000000e4   Section        8  __main.o(!!!main)
    !!!scatter                               0x000000ec   Section       52  __scatter.o(!!!scatter)
    !!dczerorl                               0x00000120   Section       58  __dczerorl.o(!!dczerorl)
    !!handler_zi                             0x0000015c   Section       28  __scatter_zi.o(!!handler_zi)
    .ARM.Collect$$_printf_percent$$00000000  0x00000178   Section        0  _printf_percent.o(.ARM.Collect$$_printf_percent$$00000000)
    .ARM.Collect$$_printf_percent$$00000009  0x00000178   Section        6  _printf_d.o(.ARM.Collect$$_printf_percent$$00000009)
    .ARM.Collect$$_printf_percent$$0000000A  0x0000017e   Section        6  _printf_u.o(.ARM.Collect$$_printf_percent$$0000000A)
    .ARM.Collect$$_printf_percent$$00000017  0x00000184   Section        4  _printf_percent_end.o(.ARM.Collect$$_printf_percent$$00000017)
    .ARM.Collect$$libinit$$00000000          0x00000188   Section        2  libinit.o(.ARM.Collect$$libinit$$00000000)
    .ARM.Collect$$libinit$$00000002          0x0000018a   Section        0  libinit2.o(.ARM.Collect$$libinit$$00000002)
    .ARM.Collect$$libinit$$00000004          0x0000018a   Section        0  libinit2.o(.ARM.Collect$$libinit$$00000004)
    .ARM.Collect$$libinit$$0000000A          0x0000018a   Section        0  libinit2.o(.ARM.Collect$$libinit$$0000000A)
    .ARM.Collect$$libinit$$0000000C          0x0000018a   Section        0  libinit2.o(.ARM.Collect$$libinit$$0000000C)
    .ARM.Collect$$libinit$$0000000E          0x0000018a   Section        0  libinit2.o(.ARM.Collect$$libinit$$0000000E)
    .ARM.Collect$$libinit$$0000000F          0x0000018a   Section        6  libinit2.o(.ARM.Collect$$libinit$$0000000F)
    .ARM.Collect$$libinit$$00000011          0x00000190   Section        0  libinit2.o(.ARM.Collect$$libinit$$00000011)
    .ARM.Collect$$libinit$$00000012          0x00000190   Section       12  libinit2.o(.ARM.Collect$$libinit$$00000012)
    .ARM.Collect$$libinit$$00000013          0x0000019c   Section        0  libinit2.o(.ARM.Collect$$libinit$$00000013)
    .ARM.Collect$$libinit$$00000015          0x0000019c   Section        0  libinit2.o(.ARM.Collect$$libinit$$00000015)
    .ARM.Collect$$libinit$$00000016          0x0000019c   Section       10  libinit2.o(.ARM.Collect$$libinit$$00000016)
    .ARM.Collect$$libinit$$00000017          0x000001a6   Section        0  libinit2.o(.ARM.Collect$$libinit$$00000017)
    .ARM.Collect$$libinit$$00000019          0x000001a6   Section        0  libinit2.o(.ARM.Collect$$libinit$$00000019)
    .ARM.Collect$$libinit$$0000001B          0x000001a6   Section        0  libinit2.o(.ARM.Collect$$libinit$$0000001B)
    .ARM.Collect$$libinit$$0000001D          0x000001a6   Section        0  libinit2.o(.ARM.Collect$$libinit$$0000001D)
    .ARM.Collect$$libinit$$0000001F          0x000001a6   Section        0  libinit2.o(.ARM.Collect$$libinit$$0000001F)
    .ARM.Collect$$libinit$$00000021          0x000001a6   Section        0  libinit2.o(.ARM.Collect$$libinit$$00000021)
    .ARM.Collect$$libinit$$00000023          0x000001a6   Section        0  libinit2.o(.ARM.Collect$$libinit$$00000023)
    .ARM.Collect$$libinit$$00000025          0x000001a6   Section        0  libinit2.o(.ARM.Collect$$libinit$$00000025)
    .ARM.Collect$$libinit$$0000002C          0x000001a6   Section        0  libinit2.o(.ARM.Collect$$libinit$$0000002C)
    .ARM.Collect$$libinit$$0000002E          0x000001a6   Section        0  libinit2.o(.ARM.Collect$$libinit$$0000002E)
    .ARM.Collect$$libinit$$00000030          0x000001a6   Section        0  libinit2.o(.ARM.Collect$$libinit$$00000030)
    .ARM.Collect$$libinit$$00000032          0x000001a6   Section        0  libinit2.o(.ARM.Collect$$libinit$$00000032)
    .ARM.Collect$$libinit$$00000033          0x000001a6   Section        2  libinit2.o(.ARM.Collect$$libinit$$00000033)
    .ARM.Collect$$libshutdown$$00000000      0x000001a8   Section        2  libshutdown.o(.ARM.Collect$$libshutdown$$00000000)
    .ARM.Collect$$libshutdown$$00000002      0x000001aa   Section        0  libshutdown2.o(.ARM.Collect$$libshutdown$$00000002)
    .ARM.Collect$$libshutdown$$00000004      0x000001aa   Section        0  libshutdown2.o(.ARM.Collect$$libshutdown$$00000004)
    .ARM.Collect$$libshutdown$$00000006      0x000001aa   Section        0  libshutdown2.o(.ARM.Collect$$libshutdown$$00000006)
    .ARM.Collect$$libshutdown$$00000009      0x000001aa   Section        0  libshutdown2.o(.ARM.Collect$$libshutdown$$00000009)
    .ARM.Collect$$libshutdown$$0000000C      0x000001aa   Section        0  libshutdown2.o(.ARM.Collect$$libshutdown$$0000000C)
    .ARM.Collect$$libshutdown$$0000000E      0x000001aa   Section        0  libshutdown2.o(.ARM.Collect$$libshutdown$$0000000E)
    .ARM.Collect$$libshutdown$$00000011      0x000001aa   Section        0  libshutdown2.o(.ARM.Collect$$libshutdown$$00000011)
    .ARM.Collect$$libshutdown$$00000012      0x000001aa   Section        2  libshutdown2.o(.ARM.Collect$$libshutdown$$00000012)
    .ARM.Collect$$rtentry$$00000000          0x000001ac   Section        0  __rtentry.o(.ARM.Collect$$rtentry$$00000000)
    .ARM.Collect$$rtentry$$00000002          0x000001ac   Section        0  __rtentry2.o(.ARM.Collect$$rtentry$$00000002)
    .ARM.Collect$$rtentry$$00000004          0x000001ac   Section        6  __rtentry4.o(.ARM.Collect$$rtentry$$00000004)
    .ARM.Collect$$rtentry$$00000009          0x000001b2   Section        0  __rtentry2.o(.ARM.Collect$$rtentry$$00000009)
    .ARM.Collect$$rtentry$$0000000A          0x000001b2   Section        4  __rtentry2.o(.ARM.Collect$$rtentry$$0000000A)
    .ARM.Collect$$rtentry$$0000000C          0x000001b6   Section        0  __rtentry2.o(.ARM.Collect$$rtentry$$0000000C)
    .ARM.Collect$$rtentry$$0000000D          0x000001b6   Section        8  __rtentry2.o(.ARM.Collect$$rtentry$$0000000D)
    .ARM.Collect$$rtexit$$00000000           0x000001be   Section        2  rtexit.o(.ARM.Collect$$rtexit$$00000000)
    .ARM.Collect$$rtexit$$00000002           0x000001c0   Section        0  rtexit2.o(.ARM.Collect$$rtexit$$00000002)
    .ARM.Collect$$rtexit$$00000003           0x000001c0   Section        4  rtexit2.o(.ARM.Collect$$rtexit$$00000003)
    .ARM.Collect$$rtexit$$00000004           0x000001c4   Section        6  rtexit2.o(.ARM.Collect$$rtexit$$00000004)
    .text                                    0x000001cc   Section        0  system_lpc177x_8x.o(.text)
    .text                                    0x000005d0   Section        0  ethmac.o(.text)
    SwapBytes                                0x000005d1   Thumb Code    12  ethmac.o(.text)
    .text                                    0x00000ba8   Section       60  startup_lpc177x_8x.o(.text)
    .text                                    0x00000be4   Section        0  easyweb.o(.text)
    .text                                    0x0000253c   Section        0  ew_systick.o(.text)
    .text                                    0x000025e4   Section        0  tcpip.o(.text)
    .text                                    0x00003474   Section        0  serial.o(.text)
    .text                                    0x000034f0   Section        0  noretval__2sprintf.o(.text)
    .text                                    0x00003518   Section        0  _printf_pad.o(.text)
    .text                                    0x00003568   Section        0  _printf_dec.o(.text)
    .text                                    0x000035e0   Section        0  __printf_flags_wp.o(.text)
    .text                                    0x00003718   Section        0  atoi.o(.text)
    .text                                    0x00003732   Section        0  strstr.o(.text)
    .text                                    0x00003756   Section        0  memcmp.o(.text)
    .text                                    0x000037ae   Section        0  strlen.o(.text)
    .text                                    0x000037ec   Section      138  rt_memcpy_v6.o(.text)
    .text                                    0x00003876   Section       16  aeabi_memset.o(.text)
    .text                                    0x00003886   Section        0  heapauxi.o(.text)
    .text                                    0x0000388c   Section        8  rt_errno_addr_intlibspace.o(.text)
    .text                                    0x00003894   Section        0  _rserrno.o(.text)
    .text                                    0x000038aa   Section        0  _printf_intcommon.o(.text)
    .text                                    0x0000395c   Section        0  _printf_char_common.o(.text)
    _printf_input_char                       0x0000395d   Thumb Code    10  _printf_char_common.o(.text)
    .text                                    0x0000398c   Section        0  _sputc.o(.text)
    .text                                    0x00003998   Section        0  strtod.o(.text)
    _local_sscanf                            0x00003999   Thumb Code    60  strtod.o(.text)
    .text                                    0x00003a3c   Section        0  strtol.o(.text)
    .text                                    0x00003aac   Section      100  rt_memcpy_w.o(.text)
    .text                                    0x00003b10   Section       68  rt_memclr.o(.text)
    .text                                    0x00003b54   Section        8  libspace.o(.text)
    .text                                    0x00003b5c   Section       16  rt_ctype_table.o(.text)
    .text                                    0x00003b6c   Section        0  isspace.o(.text)
    .text                                    0x00003b7e   Section        0  _sgetc.o(.text)
    .text                                    0x00003bbe   Section        0  _strtoul.o(.text)
    .text                                    0x00003c5c   Section       78  rt_memclr_w.o(.text)
    .text                                    0x00003caa   Section       74  sys_stackheap_outer.o(.text)
    .text                                    0x00003cf4   Section        8  rt_locale_intlibspace.o(.text)
    .text                                    0x00003cfc   Section        0  _chval.o(.text)
    .text                                    0x00003d18   Section        0  scanf_fp.o(.text)
    _fp_value                                0x00003d19   Thumb Code   588  scanf_fp.o(.text)
    .text                                    0x00004210   Section        0  exit.o(.text)
    .text                                    0x00004224   Section      128  strcmpv7m.o(.text)
    .text                                    0x000042a4   Section        0  bigflt0.o(.text)
    .text                                    0x00004388   Section        0  scanf_hexfp.o(.text)
    .text                                    0x000046a8   Section        0  scanf_infnan.o(.text)
    .text                                    0x000047dc   Section        0  sys_exit.o(.text)
    .text                                    0x000047e8   Section       38  llshl.o(.text)
    .text                                    0x0000480e   Section        2  use_no_semi.o(.text)
    .text                                    0x00004810   Section        0  indicate_semi.o(.text)
    CL$$btod_div_common                      0x00004810   Section      824  btod.o(CL$$btod_div_common)
    CL$$btod_e2d                             0x00004b48   Section      132  btod.o(CL$$btod_e2d)
    CL$$btod_e2e                             0x00004bcc   Section      220  btod.o(CL$$btod_e2e)
    CL$$btod_ediv                            0x00004ca8   Section       42  btod.o(CL$$btod_ediv)
    CL$$btod_edivd                           0x00004cd2   Section       42  btod.o(CL$$btod_edivd)
    CL$$btod_emul                            0x00004cfc   Section       42  btod.o(CL$$btod_emul)
    CL$$btod_emuld                           0x00004d26   Section       42  btod.o(CL$$btod_emuld)
    CL$$btod_mult_common                     0x00004d50   Section      580  btod.o(CL$$btod_mult_common)
    i.__mathlib_dbl_overflow                 0x00004f94   Section        0  dunder.o(i.__mathlib_dbl_overflow)
    i.__mathlib_dbl_underflow                0x00004fa4   Section        0  dunder.o(i.__mathlib_dbl_underflow)
    i.__mathlib_narrow                       0x00004fb4   Section        0  narrow.o(i.__mathlib_narrow)
    i.__mathlib_tofloat                      0x00004fc4   Section        0  narrow.o(i.__mathlib_tofloat)
    i.__support_ldexp                        0x00005080   Section        0  ldexp.o(i.__support_ldexp)
    i._is_digit                              0x00005096   Section        0  __printf_wp.o(i._is_digit)
    i.atof                                   0x000050a4   Section        0  atof.o(i.atof)
    i.frexp                                  0x000050d0   Section        0  frexp.o(i.frexp)
    i.ldexp                                  0x00005128   Section        0  ldexp.o(i.ldexp)
    locale$$code                             0x0000519c   Section       44  lc_numeric_c.o(locale$$code)
    locale$$code                             0x000051c8   Section       44  lc_ctype_c.o(locale$$code)
    x$fpl$d2f                                0x000051f4   Section       98  d2f.o(x$fpl$d2f)
    x$fpl$dadd                               0x00005258   Section      336  daddsub_clz.o(x$fpl$dadd)
    _dadd1                                   0x00005269   Thumb Code     0  daddsub_clz.o(x$fpl$dadd)
    x$fpl$dcheck1                            0x000053a8   Section       16  dcheck1.o(x$fpl$dcheck1)
    x$fpl$dcmpinf                            0x000053b8   Section       24  dcmpi.o(x$fpl$dcmpinf)
    x$fpl$ddiv                               0x000053d0   Section      688  ddiv.o(x$fpl$ddiv)
    ddiv_entry                               0x000053d7   Thumb Code     0  ddiv.o(x$fpl$ddiv)
    x$fpl$deqf                               0x00005680   Section      120  deqf.o(x$fpl$deqf)
    x$fpl$dfix                               0x000056f8   Section       94  dfix.o(x$fpl$dfix)
    x$fpl$dflt                               0x00005756   Section       46  dflt_clz.o(x$fpl$dflt)
    x$fpl$dleqf                              0x00005784   Section      120  dleqf.o(x$fpl$dleqf)
    x$fpl$dmul                               0x000057fc   Section      340  dmul.o(x$fpl$dmul)
    x$fpl$dnaninf                            0x00005950   Section      156  dnaninf.o(x$fpl$dnaninf)
    x$fpl$dretinf                            0x000059ec   Section       12  dretinf.o(x$fpl$dretinf)
    x$fpl$drleqf                             0x000059f8   Section      108  drleqf.o(x$fpl$drleqf)
    x$fpl$dsub                               0x00005a64   Section      468  daddsub_clz.o(x$fpl$dsub)
    _dsub1                                   0x00005a75   Thumb Code     0  daddsub_clz.o(x$fpl$dsub)
    x$fpl$f2d                                0x00005c38   Section       86  f2d.o(x$fpl$f2d)
    x$fpl$fadd                               0x00005c90   Section      196  faddsub_clz.o(x$fpl$fadd)
    _fadd1                                   0x00005c9f   Thumb Code     0  faddsub_clz.o(x$fpl$fadd)
    x$fpl$fdiv                               0x00005d54   Section      388  fdiv.o(x$fpl$fdiv)
    _fdiv1                                   0x00005d55   Thumb Code     0  fdiv.o(x$fpl$fdiv)
    x$fpl$fflt                               0x00005ed8   Section       48  fflt_clz.o(x$fpl$fflt)
    x$fpl$fmul                               0x00005f08   Section      258  fmul.o(x$fpl$fmul)
    x$fpl$fnaninf                            0x0000600a   Section      140  fnaninf.o(x$fpl$fnaninf)
    x$fpl$fretinf                            0x00006096   Section       10  fretinf.o(x$fpl$fretinf)
    x$fpl$fsub                               0x000060a0   Section      234  faddsub_clz.o(x$fpl$fsub)
    _fsub1                                   0x000060af   Thumb Code     0  faddsub_clz.o(x$fpl$fsub)
    x$fpl$ieeestatus                         0x0000618a   Section        6  istatus.o(x$fpl$ieeestatus)
    x$fpl$retnan                             0x00006190   Section      100  retnan.o(x$fpl$retnan)
    x$fpl$scalbn                             0x000061f4   Section       92  scalbn.o(x$fpl$scalbn)
    x$fpl$scanf1                             0x00006250   Section        4  scanf1.o(x$fpl$scanf1)
    x$fpl$scanf2                             0x00006254   Section        8  scanf2.o(x$fpl$scanf2)
    x$fpl$trapveneer                         0x0000625c   Section       48  trapv.o(x$fpl$trapveneer)
    .constdata                               0x0000628c   Section     1241  easyweb.o(.constdata)
    x$fpl$usenofp                            0x0000628c   Section        0  usenofp.o(x$fpl$usenofp)
    .constdata                               0x00006765   Section        6  tcpip.o(.constdata)
    .constdata                               0x0000676b   Section       17  __printf_flags_wp.o(.constdata)
    maptable                                 0x0000676b   Data          17  __printf_flags_wp.o(.constdata)
    .constdata                               0x0000677c   Section      148  bigflt0.o(.constdata)
    tenpwrs_x                                0x0000677c   Data          60  bigflt0.o(.constdata)
    tenpwrs_i                                0x000067b8   Data          64  bigflt0.o(.constdata)
    c$$dinf                                  0x00006830   Section        8  fpconst.o(c$$dinf)
    c$$dmax                                  0x00006838   Section        8  fpconst.o(c$$dmax)
    locale$$data                             0x00006840   Section       28  lc_numeric_c.o(locale$$data)
    __lcnum_c_name                           0x00006844   Data           2  lc_numeric_c.o(locale$$data)
    __lcnum_c_start                          0x0000684c   Data           0  lc_numeric_c.o(locale$$data)
    __lcnum_c_point                          0x00006858   Data           0  lc_numeric_c.o(locale$$data)
    __lcnum_c_thousands                      0x0000685a   Data           0  lc_numeric_c.o(locale$$data)
    __lcnum_c_grouping                       0x0000685b   Data           0  lc_numeric_c.o(locale$$data)
    locale$$data                             0x0000685c   Section      272  lc_ctype_c.o(locale$$data)
    __lcnum_c_end                            0x0000685c   Data           0  lc_numeric_c.o(locale$$data)
    __lcctype_c_name                         0x00006860   Data           2  lc_ctype_c.o(locale$$data)
    __lcctype_c_start                        0x00006868   Data           0  lc_ctype_c.o(locale$$data)
    __lcctype_c_end                          0x0000696c   Data           0  lc_ctype_c.o(locale$$data)
    .data                                    0x10000000   Section       16  system_lpc177x_8x.o(.data)
    .data                                    0x10000010   Section        8  ethmac.o(.data)
    rxptr                                    0x10000010   Data           4  ethmac.o(.data)
    txptr                                    0x10000014   Data           4  ethmac.o(.data)
    .data                                    0x10000018   Section     2656  easyweb.o(.data)
    .data                                    0x10000a78   Section        8  ew_systick.o(.data)
    .bss                                     0x10000a80   Section     7432  easyweb.o(.bss)
    .bss                                     0x10002788   Section       96  libspace.o(.bss)
    HEAP                                     0x100027e8   Section        0  startup_lpc177x_8x.o(HEAP)
    STACK                                    0x100027e8   Section     1024  startup_lpc177x_8x.o(STACK)
    Heap_Mem                                 0x100027e8   Data           0  startup_lpc177x_8x.o(HEAP)
    Stack_Mem                                0x100027e8   Data        1024  startup_lpc177x_8x.o(STACK)
    __initial_sp                             0x10002be8   Data           0  startup_lpc177x_8x.o(STACK)

    Global Symbols

    Symbol Name                              Value     Ov Type        Size  Object(Section)

    BuildAttributes$$THM_ISAv4$P$D$K$B$S$PE$A:L22UL41UL21$X:L11$S22US41US21$IEEE1$IW$USESV6$~STKCKD$USESV7$~SHL$OTIME$ROPI$IEEEX$EBA8$UX$STANDARDLIB$REQ8$PRES8$EABIv2 0x00000000   Number         0  anon$$obj.o ABSOLUTE
    __ARM_use_no_argv                        0x00000000   Number         0  easyweb.o ABSOLUTE
    __Vectors                                0x00000000   Data           4  startup_lpc177x_8x.o(RESET)
    _printf_flags                            0x00000000   Number         0  printf_stubs.o ABSOLUTE
    _printf_return_value                     0x00000000   Number         0  printf_stubs.o ABSOLUTE
    _printf_sizespec                         0x00000000   Number         0  printf_stubs.o ABSOLUTE
    _printf_widthprec                        0x00000000   Number         0  printf_stubs.o ABSOLUTE
    __ARM_exceptions_init                     - Undefined Weak Reference
    __alloca_initialize                       - Undefined Weak Reference
    __arm_fini_                               - Undefined Weak Reference
    __arm_preinit_                            - Undefined Weak Reference
    __cpp_initialize__aeabi_                  - Undefined Weak Reference
    __cxa_finalize                            - Undefined Weak Reference
    __sigvec_lookup                           - Undefined Weak Reference
    _atexit_init                              - Undefined Weak Reference
    _call_atexit_fns                          - Undefined Weak Reference
    _clock_init                               - Undefined Weak Reference
    _fp_trap_init                             - Undefined Weak Reference
    _fp_trap_shutdown                         - Undefined Weak Reference
    _get_lc_collate                           - Undefined Weak Reference
    _get_lc_monetary                          - Undefined Weak Reference
    _get_lc_time                              - Undefined Weak Reference
    _getenv_init                              - Undefined Weak Reference
    _handle_redirection                       - Undefined Weak Reference
    _init_alloc                               - Undefined Weak Reference
    _init_user_alloc                          - Undefined Weak Reference
    _initio                                   - Undefined Weak Reference
    _printf_truncate_signed                   - Undefined Weak Reference
    _printf_truncate_unsigned                 - Undefined Weak Reference
    _rand_init                                - Undefined Weak Reference
    _signal_finish                            - Undefined Weak Reference
    _signal_init                              - Undefined Weak Reference
    _terminate_alloc                          - Undefined Weak Reference
    _terminate_user_alloc                     - Undefined Weak Reference
    _terminateio                              - Undefined Weak Reference
    __main                                   0x000000e5   Thumb Code     8  __main.o(!!!main)
    __scatterload                            0x000000ed   Thumb Code     0  __scatter.o(!!!scatter)
    __scatterload_rt2                        0x000000ed   Thumb Code    44  __scatter.o(!!!scatter)
    __scatterload_rt2_thumb_only             0x000000ed   Thumb Code     0  __scatter.o(!!!scatter)
    __scatterload_null                       0x000000fb   Thumb Code     0  __scatter.o(!!!scatter)
    __decompress                             0x00000121   Thumb Code    58  __dczerorl.o(!!dczerorl)
    __decompress0                            0x00000121   Thumb Code     0  __dczerorl.o(!!dczerorl)
    __scatterload_zeroinit                   0x0000015d   Thumb Code    28  __scatter_zi.o(!!handler_zi)
    _printf_d                                0x00000179   Thumb Code     0  _printf_d.o(.ARM.Collect$$_printf_percent$$00000009)
    _printf_percent                          0x00000179   Thumb Code     0  _printf_percent.o(.ARM.Collect$$_printf_percent$$00000000)
    _printf_u                                0x0000017f   Thumb Code     0  _printf_u.o(.ARM.Collect$$_printf_percent$$0000000A)
    _printf_percent_end                      0x00000185   Thumb Code     0  _printf_percent_end.o(.ARM.Collect$$_printf_percent$$00000017)
    __rt_lib_init                            0x00000189   Thumb Code     0  libinit.o(.ARM.Collect$$libinit$$00000000)
    __rt_lib_init_fp_1                       0x0000018b   Thumb Code     0  libinit2.o(.ARM.Collect$$libinit$$00000002)
    __rt_lib_init_heap_1                     0x0000018b   Thumb Code     0  libinit2.o(.ARM.Collect$$libinit$$0000000A)
    __rt_lib_init_lc_common                  0x0000018b   Thumb Code     0  libinit2.o(.ARM.Collect$$libinit$$0000000F)
    __rt_lib_init_preinit_1                  0x0000018b   Thumb Code     0  libinit2.o(.ARM.Collect$$libinit$$00000004)
    __rt_lib_init_rand_1                     0x0000018b   Thumb Code     0  libinit2.o(.ARM.Collect$$libinit$$0000000E)
    __rt_lib_init_user_alloc_1               0x0000018b   Thumb Code     0  libinit2.o(.ARM.Collect$$libinit$$0000000C)
    __rt_lib_init_lc_collate_1               0x00000191   Thumb Code     0  libinit2.o(.ARM.Collect$$libinit$$00000011)
    __rt_lib_init_lc_ctype_2                 0x00000191   Thumb Code     0  libinit2.o(.ARM.Collect$$libinit$$00000012)
    __rt_lib_init_lc_ctype_1                 0x0000019d   Thumb Code     0  libinit2.o(.ARM.Collect$$libinit$$00000013)
    __rt_lib_init_lc_monetary_1              0x0000019d   Thumb Code     0  libinit2.o(.ARM.Collect$$libinit$$00000015)
    __rt_lib_init_lc_numeric_2               0x0000019d   Thumb Code     0  libinit2.o(.ARM.Collect$$libinit$$00000016)
    __rt_lib_init_alloca_1                   0x000001a7   Thumb Code     0  libinit2.o(.ARM.Collect$$libinit$$0000002E)
    __rt_lib_init_argv_1                     0x000001a7   Thumb Code     0  libinit2.o(.ARM.Collect$$libinit$$0000002C)
    __rt_lib_init_atexit_1                   0x000001a7   Thumb Code     0  libinit2.o(.ARM.Collect$$libinit$$0000001B)
    __rt_lib_init_clock_1                    0x000001a7   Thumb Code     0  libinit2.o(.ARM.Collect$$libinit$$00000021)
    __rt_lib_init_cpp_1                      0x000001a7   Thumb Code     0  libinit2.o(.ARM.Collect$$libinit$$00000032)
    __rt_lib_init_exceptions_1               0x000001a7   Thumb Code     0  libinit2.o(.ARM.Collect$$libinit$$00000030)
    __rt_lib_init_fp_trap_1                  0x000001a7   Thumb Code     0  libinit2.o(.ARM.Collect$$libinit$$0000001F)
    __rt_lib_init_getenv_1                   0x000001a7   Thumb Code     0  libinit2.o(.ARM.Collect$$libinit$$00000023)
    __rt_lib_init_lc_numeric_1               0x000001a7   Thumb Code     0  libinit2.o(.ARM.Collect$$libinit$$00000017)
    __rt_lib_init_lc_time_1                  0x000001a7   Thumb Code     0  libinit2.o(.ARM.Collect$$libinit$$00000019)
    __rt_lib_init_return                     0x000001a7   Thumb Code     0  libinit2.o(.ARM.Collect$$libinit$$00000033)
    __rt_lib_init_signal_1                   0x000001a7   Thumb Code     0  libinit2.o(.ARM.Collect$$libinit$$0000001D)
    __rt_lib_init_stdio_1                    0x000001a7   Thumb Code     0  libinit2.o(.ARM.Collect$$libinit$$00000025)
    __rt_lib_shutdown                        0x000001a9   Thumb Code     0  libshutdown.o(.ARM.Collect$$libshutdown$$00000000)
    __rt_lib_shutdown_cpp_1                  0x000001ab   Thumb Code     0  libshutdown2.o(.ARM.Collect$$libshutdown$$00000004)
    __rt_lib_shutdown_fini_1                 0x000001ab   Thumb Code     0  libshutdown2.o(.ARM.Collect$$libshutdown$$00000002)
    __rt_lib_shutdown_fp_trap_1              0x000001ab   Thumb Code     0  libshutdown2.o(.ARM.Collect$$libshutdown$$00000009)
    __rt_lib_shutdown_heap_1                 0x000001ab   Thumb Code     0  libshutdown2.o(.ARM.Collect$$libshutdown$$00000011)
    __rt_lib_shutdown_return                 0x000001ab   Thumb Code     0  libshutdown2.o(.ARM.Collect$$libshutdown$$00000012)
    __rt_lib_shutdown_signal_1               0x000001ab   Thumb Code     0  libshutdown2.o(.ARM.Collect$$libshutdown$$0000000C)
    __rt_lib_shutdown_stdio_1                0x000001ab   Thumb Code     0  libshutdown2.o(.ARM.Collect$$libshutdown$$00000006)
    __rt_lib_shutdown_user_alloc_1           0x000001ab   Thumb Code     0  libshutdown2.o(.ARM.Collect$$libshutdown$$0000000E)
    __rt_entry                               0x000001ad   Thumb Code     0  __rtentry.o(.ARM.Collect$$rtentry$$00000000)
    __rt_entry_presh_1                       0x000001ad   Thumb Code     0  __rtentry2.o(.ARM.Collect$$rtentry$$00000002)
    __rt_entry_sh                            0x000001ad   Thumb Code     0  __rtentry4.o(.ARM.Collect$$rtentry$$00000004)
    __rt_entry_li                            0x000001b3   Thumb Code     0  __rtentry2.o(.ARM.Collect$$rtentry$$0000000A)
    __rt_entry_postsh_1                      0x000001b3   Thumb Code     0  __rtentry2.o(.ARM.Collect$$rtentry$$00000009)
    __rt_entry_main                          0x000001b7   Thumb Code     0  __rtentry2.o(.ARM.Collect$$rtentry$$0000000D)
    __rt_entry_postli_1                      0x000001b7   Thumb Code     0  __rtentry2.o(.ARM.Collect$$rtentry$$0000000C)
    __rt_exit                                0x000001bf   Thumb Code     0  rtexit.o(.ARM.Collect$$rtexit$$00000000)
    __rt_exit_ls                             0x000001c1   Thumb Code     0  rtexit2.o(.ARM.Collect$$rtexit$$00000003)
    __rt_exit_prels_1                        0x000001c1   Thumb Code     0  rtexit2.o(.ARM.Collect$$rtexit$$00000002)
    __rt_exit_exit                           0x000001c5   Thumb Code     0  rtexit2.o(.ARM.Collect$$rtexit$$00000004)
    SystemCoreClockUpdate                    0x000001cd   Thumb Code   784  system_lpc177x_8x.o(.text)
    SystemInit                               0x000004dd   Thumb Code   244  system_lpc177x_8x.o(.text)
    WriteToPHY                               0x000005dd   Thumb Code    42  ethmac.o(.text)
    ReadFromPHY                              0x00000607   Thumb Code    54  ethmac.o(.text)
    Init_EthMAC                              0x0000063d   Thumb Code  1066  ethmac.o(.text)
    WriteFrame_EthMAC                        0x00000a67   Thumb Code    18  ethmac.o(.text)
    CopyToFrame_EthMAC                       0x00000a79   Thumb Code    58  ethmac.o(.text)
    ReadFrame_EthMAC                         0x00000ab3   Thumb Code    18  ethmac.o(.text)
    ReadFrameBE_EthMAC                       0x00000ac5   Thumb Code    28  ethmac.o(.text)
    CopyFromFrame_EthMAC                     0x00000ae1   Thumb Code    36  ethmac.o(.text)
    DummyReadFrame_EthMAC                    0x00000b05   Thumb Code    20  ethmac.o(.text)
    RequestSend                              0x00000b19   Thumb Code    32  ethmac.o(.text)
    Rdy4Tx                                   0x00000b39   Thumb Code     4  ethmac.o(.text)
    StartReadingFrame                        0x00000b3d   Thumb Code    36  ethmac.o(.text)
    StopReadingFrame                         0x00000b61   Thumb Code    24  ethmac.o(.text)
    CheckIfFrameReceived                     0x00000b79   Thumb Code    24  ethmac.o(.text)
    Reset_Handler                            0x00000ba9   Thumb Code     8  startup_lpc177x_8x.o(.text)
    NMI_Handler                              0x00000bb1   Thumb Code     2  startup_lpc177x_8x.o(.text)
    HardFault_Handler                        0x00000bb3   Thumb Code     2  startup_lpc177x_8x.o(.text)
    MemManage_Handler                        0x00000bb5   Thumb Code     2  startup_lpc177x_8x.o(.text)
    BusFault_Handler                         0x00000bb7   Thumb Code     2  startup_lpc177x_8x.o(.text)
    UsageFault_Handler                       0x00000bb9   Thumb Code     2  startup_lpc177x_8x.o(.text)
    SVC_Handler                              0x00000bbb   Thumb Code     2  startup_lpc177x_8x.o(.text)
    DebugMon_Handler                         0x00000bbd   Thumb Code     2  startup_lpc177x_8x.o(.text)
    PendSV_Handler                           0x00000bbf   Thumb Code     2  startup_lpc177x_8x.o(.text)
    ADC_IRQHandler                           0x00000bc3   Thumb Code     0  startup_lpc177x_8x.o(.text)
    BOD_IRQHandler                           0x00000bc3   Thumb Code     0  startup_lpc177x_8x.o(.text)
    CANActivity_IRQHandler                   0x00000bc3   Thumb Code     0  startup_lpc177x_8x.o(.text)
    CAN_IRQHandler                           0x00000bc3   Thumb Code     0  startup_lpc177x_8x.o(.text)
    DMA_IRQHandler                           0x00000bc3   Thumb Code     0  startup_lpc177x_8x.o(.text)
    EEPROM_IRQHandler                        0x00000bc3   Thumb Code     0  startup_lpc177x_8x.o(.text)
    EINT0_IRQHandler                         0x00000bc3   Thumb Code     0  startup_lpc177x_8x.o(.text)
    EINT1_IRQHandler                         0x00000bc3   Thumb Code     0  startup_lpc177x_8x.o(.text)
    EINT2_IRQHandler                         0x00000bc3   Thumb Code     0  startup_lpc177x_8x.o(.text)
    EINT3_IRQHandler                         0x00000bc3   Thumb Code     0  startup_lpc177x_8x.o(.text)
    ENET_IRQHandler                          0x00000bc3   Thumb Code     0  startup_lpc177x_8x.o(.text)
    GPIO_IRQHandler                          0x00000bc3   Thumb Code     0  startup_lpc177x_8x.o(.text)
    I2C0_IRQHandler                          0x00000bc3   Thumb Code     0  startup_lpc177x_8x.o(.text)
    I2C1_IRQHandler                          0x00000bc3   Thumb Code     0  startup_lpc177x_8x.o(.text)
    I2C2_IRQHandler                          0x00000bc3   Thumb Code     0  startup_lpc177x_8x.o(.text)
    I2S_IRQHandler                           0x00000bc3   Thumb Code     0  startup_lpc177x_8x.o(.text)
    LCD_IRQHandler                           0x00000bc3   Thumb Code     0  startup_lpc177x_8x.o(.text)
    MCI_IRQHandler                           0x00000bc3   Thumb Code     0  startup_lpc177x_8x.o(.text)
    MCPWM_IRQHandler                         0x00000bc3   Thumb Code     0  startup_lpc177x_8x.o(.text)
    PLL0_IRQHandler                          0x00000bc3   Thumb Code     0  startup_lpc177x_8x.o(.text)
    PLL1_IRQHandler                          0x00000bc3   Thumb Code     0  startup_lpc177x_8x.o(.text)
    PWM0_IRQHandler                          0x00000bc3   Thumb Code     0  startup_lpc177x_8x.o(.text)
    PWM1_IRQHandler                          0x00000bc3   Thumb Code     0  startup_lpc177x_8x.o(.text)
    QEI_IRQHandler                           0x00000bc3   Thumb Code     0  startup_lpc177x_8x.o(.text)
    RTC_IRQHandler                           0x00000bc3   Thumb Code     0  startup_lpc177x_8x.o(.text)
    SSP0_IRQHandler                          0x00000bc3   Thumb Code     0  startup_lpc177x_8x.o(.text)
    SSP1_IRQHandler                          0x00000bc3   Thumb Code     0  startup_lpc177x_8x.o(.text)
    SSP2_IRQHandler                          0x00000bc3   Thumb Code     0  startup_lpc177x_8x.o(.text)
    TIMER0_IRQHandler                        0x00000bc3   Thumb Code     0  startup_lpc177x_8x.o(.text)
    TIMER1_IRQHandler                        0x00000bc3   Thumb Code     0  startup_lpc177x_8x.o(.text)
    TIMER2_IRQHandler                        0x00000bc3   Thumb Code     0  startup_lpc177x_8x.o(.text)
    TIMER3_IRQHandler                        0x00000bc3   Thumb Code     0  startup_lpc177x_8x.o(.text)
    UART0_IRQHandler                         0x00000bc3   Thumb Code     0  startup_lpc177x_8x.o(.text)
    UART1_IRQHandler                         0x00000bc3   Thumb Code     0  startup_lpc177x_8x.o(.text)
    UART2_IRQHandler                         0x00000bc3   Thumb Code     0  startup_lpc177x_8x.o(.text)
    UART3_IRQHandler                         0x00000bc3   Thumb Code     0  startup_lpc177x_8x.o(.text)
    UART4_IRQHandler                         0x00000bc3   Thumb Code     0  startup_lpc177x_8x.o(.text)
    USBActivity_IRQHandler                   0x00000bc3   Thumb Code     0  startup_lpc177x_8x.o(.text)
    USB_IRQHandler                           0x00000bc3   Thumb Code     0  startup_lpc177x_8x.o(.text)
    WDT_IRQHandler                           0x00000bc3   Thumb Code     0  startup_lpc177x_8x.o(.text)
    __user_initial_stackheap                 0x00000bc5   Thumb Code     0  startup_lpc177x_8x.o(.text)
    ReadParameter                            0x00000be5   Thumb Code    38  easyweb.o(.text)
    calcCRC                                  0x00000c0b   Thumb Code    66  easyweb.o(.text)
    UART1_Init                               0x00000c4d   Thumb Code     2  easyweb.o(.text)
    UART1_Send                               0x00000c4f   Thumb Code    24  easyweb.o(.text)
    UART1_Read                               0x00000c67   Thumb Code    24  easyweb.o(.text)
    ReadFloatParameter                       0x00000c7f   Thumb Code    46  easyweb.o(.text)
    TryReceiveData                           0x00000cad   Thumb Code    54  easyweb.o(.text)
    AnalogReset                              0x00000ce3   Thumb Code   190  easyweb.o(.text)
    KMReset                                  0x00000da1   Thumb Code   190  easyweb.o(.text)
    KMGlobalBusReset                         0x00000e5f   Thumb Code   190  easyweb.o(.text)
    HTTPServer                               0x00000f1d   Thumb Code  5202  easyweb.o(.text)
    main                                     0x0000236f   Thumb Code    66  easyweb.o(.text)
    GetAD7Val                                0x000023b1   Thumb Code     2  easyweb.o(.text)
    InsertDynamicValues                      0x000023b3   Thumb Code   144  easyweb.o(.text)
    SysTick_Handler                          0x0000253d   Thumb Code    56  ew_systick.o(.text)
    Start_SysTick10ms                        0x00002575   Thumb Code    90  ew_systick.o(.text)
    TCPLowLevelInit                          0x000025e5   Thumb Code    30  tcpip.o(.text)
    TCPPassiveOpen                           0x00002603   Thumb Code    30  tcpip.o(.text)
    TCPStartRetryTimer                       0x00002621   Thumb Code    36  tcpip.o(.text)
    PrepareARP_REQUEST                       0x00002645   Thumb Code   160  tcpip.o(.text)
    TCPActiveOpen                            0x000026e5   Thumb Code    60  tcpip.o(.text)
    TCPClose                                 0x00002721   Thumb Code    60  tcpip.o(.text)
    TCPReleaseRxBuffer                       0x0000275d   Thumb Code    14  tcpip.o(.text)
    TCPTransmitTxBuffer                      0x0000276b   Thumb Code    88  tcpip.o(.text)
    BroadcastMessage                         0x000027c3   Thumb Code    62  tcpip.o(.text)
    SendFrame1                               0x00002801   Thumb Code    14  tcpip.o(.text)
    SwapBytes                                0x0000280f   Thumb Code    12  tcpip.o(.text)
    CalcChecksum                             0x0000281b   Thumb Code    92  tcpip.o(.text)
    WriteDWBE                                0x00002877   Thumb Code    22  tcpip.o(.text)
    WriteWBE                                 0x0000288d   Thumb Code    10  tcpip.o(.text)
    PrepareTCP_DATA_FRAME                    0x00002897   Thumb Code   194  tcpip.o(.text)
    SendFrame2                               0x00002959   Thumb Code    14  tcpip.o(.text)
    PrepareTCP_FRAME                         0x00002967   Thumb Code   406  tcpip.o(.text)
    TCPHandleTimeout                         0x00002afd   Thumb Code    40  tcpip.o(.text)
    TCPStopTimer                             0x00002b25   Thumb Code    14  tcpip.o(.text)
    TCPHandleRetransmission                  0x00002b33   Thumb Code    68  tcpip.o(.text)
    TCPRestartTimer                          0x00002b77   Thumb Code     8  tcpip.o(.text)
    TCPStartTimeWaitTimer                    0x00002b7f   Thumb Code    30  tcpip.o(.text)
    ProcessTCPFrame                          0x00002b9d   Thumb Code  1010  tcpip.o(.text)
    PrepareICMP_ECHO_REPLY                   0x00002f8f   Thumb Code   176  tcpip.o(.text)
    ProcessICMPFrame                         0x0000303f   Thumb Code    28  tcpip.o(.text)
    ProcessEthIAFrame                        0x0000305b   Thumb Code   206  tcpip.o(.text)
    PrepareARP_ANSWER                        0x00003129   Thumb Code   112  tcpip.o(.text)
    ProcessEthBroadcastFrame                 0x00003199   Thumb Code    98  tcpip.o(.text)
    DoNetworkStuff                           0x000031fb   Thumb Code   562  tcpip.o(.text)
    TCPClockHandler                          0x0000342d   Thumb Code    22  tcpip.o(.text)
    SER_Init                                 0x00003475   Thumb Code    68  serial.o(.text)
    SER_PutChar                              0x000034b9   Thumb Code    20  serial.o(.text)
    SER_GetChar                              0x000034cd   Thumb Code    22  serial.o(.text)
    __2sprintf                               0x000034f1   Thumb Code    34  noretval__2sprintf.o(.text)
    _printf_pre_padding                      0x00003519   Thumb Code    44  _printf_pad.o(.text)
    _printf_post_padding                     0x00003545   Thumb Code    34  _printf_pad.o(.text)
    _printf_int_dec                          0x00003569   Thumb Code   104  _printf_dec.o(.text)
    __printf                                 0x000035e1   Thumb Code   308  __printf_flags_wp.o(.text)
    atoi                                     0x00003719   Thumb Code    26  atoi.o(.text)
    strstr                                   0x00003733   Thumb Code    36  strstr.o(.text)
    memcmp                                   0x00003757   Thumb Code    88  memcmp.o(.text)
    strlen                                   0x000037af   Thumb Code    62  strlen.o(.text)
    __aeabi_memcpy                           0x000037ed   Thumb Code     0  rt_memcpy_v6.o(.text)
    __rt_memcpy                              0x000037ed   Thumb Code   138  rt_memcpy_v6.o(.text)
    _memcpy_lastbytes                        0x00003853   Thumb Code     0  rt_memcpy_v6.o(.text)
    __aeabi_memset                           0x00003877   Thumb Code    16  aeabi_memset.o(.text)
    __use_two_region_memory                  0x00003887   Thumb Code     2  heapauxi.o(.text)
    __rt_heap_escrow$2region                 0x00003889   Thumb Code     2  heapauxi.o(.text)
    __rt_heap_expand$2region                 0x0000388b   Thumb Code     2  heapauxi.o(.text)
    __aeabi_errno_addr                       0x0000388d   Thumb Code     8  rt_errno_addr_intlibspace.o(.text)
    __errno$intlibspace                      0x0000388d   Thumb Code     0  rt_errno_addr_intlibspace.o(.text)
    __rt_errno_addr$intlibspace              0x0000388d   Thumb Code     0  rt_errno_addr_intlibspace.o(.text)
    __read_errno                             0x00003895   Thumb Code    10  _rserrno.o(.text)
    __set_errno                              0x0000389f   Thumb Code    12  _rserrno.o(.text)
    _printf_int_common                       0x000038ab   Thumb Code   178  _printf_intcommon.o(.text)
    _printf_char_common                      0x00003967   Thumb Code    32  _printf_char_common.o(.text)
    _sputc                                   0x0000398d   Thumb Code    10  _sputc.o(.text)
    __strtod_int                             0x000039d5   Thumb Code    90  strtod.o(.text)
    strtol                                   0x00003a3d   Thumb Code   112  strtol.o(.text)
    __aeabi_memcpy4                          0x00003aad   Thumb Code     0  rt_memcpy_w.o(.text)
    __aeabi_memcpy8                          0x00003aad   Thumb Code     0  rt_memcpy_w.o(.text)
    __rt_memcpy_w                            0x00003aad   Thumb Code   100  rt_memcpy_w.o(.text)
    _memcpy_lastbytes_aligned                0x00003af5   Thumb Code     0  rt_memcpy_w.o(.text)
    __aeabi_memclr                           0x00003b11   Thumb Code     0  rt_memclr.o(.text)
    __rt_memclr                              0x00003b11   Thumb Code    68  rt_memclr.o(.text)
    _memset                                  0x00003b15   Thumb Code     0  rt_memclr.o(.text)
    __user_libspace                          0x00003b55   Thumb Code     8  libspace.o(.text)
    __user_perproc_libspace                  0x00003b55   Thumb Code     0  libspace.o(.text)
    __user_perthread_libspace                0x00003b55   Thumb Code     0  libspace.o(.text)
    __rt_ctype_table                         0x00003b5d   Thumb Code    16  rt_ctype_table.o(.text)
    isspace                                  0x00003b6d   Thumb Code    18  isspace.o(.text)
    _sgetc                                   0x00003b7f   Thumb Code    30  _sgetc.o(.text)
    _sbackspace                              0x00003b9d   Thumb Code    34  _sgetc.o(.text)
    _strtoul                                 0x00003bbf   Thumb Code   158  _strtoul.o(.text)
    __aeabi_memclr4                          0x00003c5d   Thumb Code     0  rt_memclr_w.o(.text)
    __aeabi_memclr8                          0x00003c5d   Thumb Code     0  rt_memclr_w.o(.text)
    __rt_memclr_w                            0x00003c5d   Thumb Code    78  rt_memclr_w.o(.text)
    _memset_w                                0x00003c61   Thumb Code     0  rt_memclr_w.o(.text)
    __user_setup_stackheap                   0x00003cab   Thumb Code    74  sys_stackheap_outer.o(.text)
    __rt_locale                              0x00003cf5   Thumb Code     8  rt_locale_intlibspace.o(.text)
    _chval                                   0x00003cfd   Thumb Code    28  _chval.o(.text)
    _scanf_really_real                       0x00003f65   Thumb Code   684  scanf_fp.o(.text)
    exit                                     0x00004211   Thumb Code    18  exit.o(.text)
    strcmp                                   0x00004225   Thumb Code   128  strcmpv7m.o(.text)
    _btod_etento                             0x000042a5   Thumb Code   224  bigflt0.o(.text)
    _scanf_really_hex_real                   0x00004389   Thumb Code   786  scanf_hexfp.o(.text)
    _scanf_really_infnan                     0x000046a9   Thumb Code   292  scanf_infnan.o(.text)
    _sys_exit                                0x000047dd   Thumb Code     8  sys_exit.o(.text)
    __aeabi_llsl                             0x000047e9   Thumb Code     0  llshl.o(.text)
    _ll_shift_l                              0x000047e9   Thumb Code    38  llshl.o(.text)
    __I$use$semihosting                      0x0000480f   Thumb Code     0  use_no_semi.o(.text)
    __use_no_semihosting_swi                 0x0000480f   Thumb Code     2  use_no_semi.o(.text)
    __btod_div_common                        0x00004811   Thumb Code   696  btod.o(CL$$btod_div_common)
    __semihosting_library_function           0x00004811   Thumb Code     0  indicate_semi.o(.text)
    _e2d                                     0x00004b49   Thumb Code   122  btod.o(CL$$btod_e2d)
    _e2e                                     0x00004bcd   Thumb Code   220  btod.o(CL$$btod_e2e)
    _btod_ediv                               0x00004ca9   Thumb Code    42  btod.o(CL$$btod_ediv)
    _btod_edivd                              0x00004cd3   Thumb Code    42  btod.o(CL$$btod_edivd)
    _btod_emul                               0x00004cfd   Thumb Code    42  btod.o(CL$$btod_emul)
    _btod_emuld                              0x00004d27   Thumb Code    42  btod.o(CL$$btod_emuld)
    __btod_mult_common                       0x00004d51   Thumb Code   580  btod.o(CL$$btod_mult_common)
    __mathlib_dbl_overflow                   0x00004f95   Thumb Code    14  dunder.o(i.__mathlib_dbl_overflow)
    __mathlib_dbl_underflow                  0x00004fa5   Thumb Code    10  dunder.o(i.__mathlib_dbl_underflow)
    __mathlib_narrow                         0x00004fb5   Thumb Code    16  narrow.o(i.__mathlib_narrow)
    __mathlib_tofloat                        0x00004fc5   Thumb Code   184  narrow.o(i.__mathlib_tofloat)
    __support_ldexp                          0x00005081   Thumb Code    22  ldexp.o(i.__support_ldexp)
    _is_digit                                0x00005097   Thumb Code    14  __printf_wp.o(i._is_digit)
    atof                                     0x000050a5   Thumb Code    42  atof.o(i.atof)
    frexp                                    0x000050d1   Thumb Code    80  frexp.o(i.frexp)
    ldexp                                    0x00005129   Thumb Code   116  ldexp.o(i.ldexp)
    _get_lc_numeric                          0x0000519d   Thumb Code    44  lc_numeric_c.o(locale$$code)
    _get_lc_ctype                            0x000051c9   Thumb Code    44  lc_ctype_c.o(locale$$code)
    __aeabi_d2f                              0x000051f5   Thumb Code     0  d2f.o(x$fpl$d2f)
    _d2f                                     0x000051f5   Thumb Code    98  d2f.o(x$fpl$d2f)
    __aeabi_dadd                             0x00005259   Thumb Code     0  daddsub_clz.o(x$fpl$dadd)
    _dadd                                    0x00005259   Thumb Code   332  daddsub_clz.o(x$fpl$dadd)
    __fpl_dcheck_NaN1                        0x000053a9   Thumb Code    10  dcheck1.o(x$fpl$dcheck1)
    __fpl_dcmp_Inf                           0x000053b9   Thumb Code    24  dcmpi.o(x$fpl$dcmpinf)
    __aeabi_ddiv                             0x000053d1   Thumb Code     0  ddiv.o(x$fpl$ddiv)
    _ddiv                                    0x000053d1   Thumb Code   552  ddiv.o(x$fpl$ddiv)
    __aeabi_cdcmpeq                          0x00005681   Thumb Code     0  deqf.o(x$fpl$deqf)
    _dcmpeq                                  0x00005681   Thumb Code   120  deqf.o(x$fpl$deqf)
    __aeabi_d2iz                             0x000056f9   Thumb Code     0  dfix.o(x$fpl$dfix)
    _dfix                                    0x000056f9   Thumb Code    94  dfix.o(x$fpl$dfix)
    __aeabi_i2d                              0x00005757   Thumb Code     0  dflt_clz.o(x$fpl$dflt)
    _dflt                                    0x00005757   Thumb Code    46  dflt_clz.o(x$fpl$dflt)
    __aeabi_cdcmple                          0x00005785   Thumb Code     0  dleqf.o(x$fpl$dleqf)
    _dcmple                                  0x00005785   Thumb Code   120  dleqf.o(x$fpl$dleqf)
    __fpl_dcmple_InfNaN                      0x000057e7   Thumb Code     0  dleqf.o(x$fpl$dleqf)
    __aeabi_dmul                             0x000057fd   Thumb Code     0  dmul.o(x$fpl$dmul)
    _dmul                                    0x000057fd   Thumb Code   332  dmul.o(x$fpl$dmul)
    __fpl_dnaninf                            0x00005951   Thumb Code   156  dnaninf.o(x$fpl$dnaninf)
    __fpl_dretinf                            0x000059ed   Thumb Code    12  dretinf.o(x$fpl$dretinf)
    __aeabi_cdrcmple                         0x000059f9   Thumb Code     0  drleqf.o(x$fpl$drleqf)
    _drcmple                                 0x000059f9   Thumb Code   108  drleqf.o(x$fpl$drleqf)
    __aeabi_dsub                             0x00005a65   Thumb Code     0  daddsub_clz.o(x$fpl$dsub)
    _dsub                                    0x00005a65   Thumb Code   464  daddsub_clz.o(x$fpl$dsub)
    __aeabi_f2d                              0x00005c39   Thumb Code     0  f2d.o(x$fpl$f2d)
    _f2d                                     0x00005c39   Thumb Code    86  f2d.o(x$fpl$f2d)
    __aeabi_fadd                             0x00005c91   Thumb Code     0  faddsub_clz.o(x$fpl$fadd)
    _fadd                                    0x00005c91   Thumb Code   196  faddsub_clz.o(x$fpl$fadd)
    __aeabi_fdiv                             0x00005d55   Thumb Code     0  fdiv.o(x$fpl$fdiv)
    _fdiv                                    0x00005d55   Thumb Code   384  fdiv.o(x$fpl$fdiv)
    __aeabi_i2f                              0x00005ed9   Thumb Code     0  fflt_clz.o(x$fpl$fflt)
    _fflt                                    0x00005ed9   Thumb Code    48  fflt_clz.o(x$fpl$fflt)
    __aeabi_fmul                             0x00005f09   Thumb Code     0  fmul.o(x$fpl$fmul)
    _fmul                                    0x00005f09   Thumb Code   258  fmul.o(x$fpl$fmul)
    __fpl_fnaninf                            0x0000600b   Thumb Code   140  fnaninf.o(x$fpl$fnaninf)
    __fpl_fretinf                            0x00006097   Thumb Code    10  fretinf.o(x$fpl$fretinf)
    __aeabi_fsub                             0x000060a1   Thumb Code     0  faddsub_clz.o(x$fpl$fsub)
    _fsub                                    0x000060a1   Thumb Code   234  faddsub_clz.o(x$fpl$fsub)
    __ieee_status                            0x0000618b   Thumb Code     6  istatus.o(x$fpl$ieeestatus)
    __fpl_return_NaN                         0x00006191   Thumb Code   100  retnan.o(x$fpl$retnan)
    __ARM_scalbn                             0x000061f5   Thumb Code    92  scalbn.o(x$fpl$scalbn)
    _scanf_real                              0x00006251   Thumb Code     4  scanf1.o(x$fpl$scanf1)
    _scanf_hex_real                          0x00006255   Thumb Code     4  scanf2.o(x$fpl$scanf2)
    _scanf_infnan                            0x00006259   Thumb Code     4  scanf2.o(x$fpl$scanf2)
    __fpl_cmpreturn                          0x0000625d   Thumb Code    48  trapv.o(x$fpl$trapveneer)
    GetResponse                              0x0000628c   Data          45  easyweb.o(.constdata)
    __I$use$fp                               0x0000628c   Number         0  usenofp.o(x$fpl$usenofp)
    MyIP                                     0x000062ba   Data           4  easyweb.o(.constdata)
    SubnetMask                               0x000062be   Data           4  easyweb.o(.constdata)
    GatewayIP                                0x000062c2   Data           4  easyweb.o(.constdata)
    WebSide                                  0x000062c6   Data         518  easyweb.o(.constdata)
    MyMAC                                    0x00006765   Data           6  tcpip.o(.constdata)
    Region$$Table$$Base                      0x00006810   Number         0  anon$$obj.o(Region$$Table)
    Region$$Table$$Limit                     0x00006830   Number         0  anon$$obj.o(Region$$Table)
    __aeabi_HUGE_VAL                         0x00006830   Data           0  fpconst.o(c$$dinf)
    __aeabi_HUGE_VALL                        0x00006830   Data           0  fpconst.o(c$$dinf)
    __aeabi_INFINITY                         0x00006830   Data           0  fpconst.o(c$$dinf)
    __dInf                                   0x00006830   Data           0  fpconst.o(c$$dinf)
    __huge_val                               0x00006830   Data           0  fpconst.o(c$$dinf)
    __dbl_max                                0x00006838   Data           0  fpconst.o(c$$dmax)
    __ctype                                  0x00006869   Data           0  lc_ctype_c.o(locale$$data)
    SystemCoreClock                          0x10000000   Data           4  system_lpc177x_8x.o(.data)
    PeripheralClock                          0x10000004   Data           4  system_lpc177x_8x.o(.data)
    EMCClock                                 0x10000008   Data           4  system_lpc177x_8x.o(.data)
    USBClock                                 0x1000000c   Data           4  system_lpc177x_8x.o(.data)
    PWebSide                                 0x10000018   Data           4  easyweb.o(.data)
    HTTPBytesToSend                          0x1000001c   Data           4  easyweb.o(.data)
    HTTPStatus                               0x10000020   Data           1  easyweb.o(.data)
    TCPStateMachine                          0x10000021   Data           1  easyweb.o(.data)
    LastFrameSent                            0x10000022   Data           1  easyweb.o(.data)
    ISNGenHigh                               0x10000024   Data           2  easyweb.o(.data)
    TCPSeqNr                                 0x10000028   Data           4  easyweb.o(.data)
    TCPUNASeqNr                              0x1000002c   Data           4  easyweb.o(.data)
    TCPAckNr                                 0x10000030   Data           4  easyweb.o(.data)
    TCPTimer                                 0x10000034   Data           1  easyweb.o(.data)
    RetryCounter                             0x10000035   Data           1  easyweb.o(.data)
    RecdFrameLength                          0x10000036   Data           2  easyweb.o(.data)
    RecdFrameMAC                             0x10000038   Data           6  easyweb.o(.data)
    RecdFrameIP                              0x1000003e   Data           4  easyweb.o(.data)
    RecdIPFrameLength                        0x10000042   Data           2  easyweb.o(.data)
    TxFrame1Size                             0x10000044   Data           2  easyweb.o(.data)
    TxFrame2Size                             0x10000046   Data           1  easyweb.o(.data)
    TransmitControl                          0x10000047   Data           1  easyweb.o(.data)
    TCPFlags                                 0x10000048   Data           1  easyweb.o(.data)
    TCPRxDataCount                           0x1000004a   Data           2  easyweb.o(.data)
    TCPTxDataCount                           0x1000004c   Data           2  easyweb.o(.data)
    TCPLocalPort                             0x1000004e   Data           2  easyweb.o(.data)
    TCPRemotePort                            0x10000050   Data           2  easyweb.o(.data)
    RemoteMAC                                0x10000052   Data           6  easyweb.o(.data)
    RemoteIP                                 0x10000058   Data           4  easyweb.o(.data)
    SocketStatus                             0x1000005c   Data           1  easyweb.o(.data)
    DMTable                                  0x1000005d   Data         192  easyweb.o(.data)
    KMTable                                  0x1000011d   Data         128  easyweb.o(.data)
    KMGlobalBusTable                         0x1000019d   Data         192  easyweb.o(.data)
    AnalogResetQuery                         0x1000025d   Data         768  easyweb.o(.data)
    KMResetQuery                             0x1000055d   Data         512  easyweb.o(.data)
    KMGlobalBusResetQuery                    0x1000075d   Data         768  easyweb.o(.data)
    aaPagecounter                            0x10000a60   Data           4  easyweb.o(.data)
    adcValue                                 0x10000a64   Data           4  easyweb.o(.data)
    SendCommandFlag                          0x10000a68   Data           1  easyweb.o(.data)
    QUERY_COPY                               0x10000a69   Data           3  easyweb.o(.data)
    buff_                                    0x10000a6c   Data           8  easyweb.o(.data)
    UART1_count                              0x10000a74   Data           1  easyweb.o(.data)
    CalibrCRC                                0x10000a76   Data           2  easyweb.o(.data)
    TimeTick                                 0x10000a78   Data           4  ew_systick.o(.data)
    TimeTick2                                0x10000a7c   Data           4  ew_systick.o(.data)
    _TxFrame1                                0x10000a80   Data         566  easyweb.o(.bss)
    _TxFrame2                                0x10000cb6   Data          74  easyweb.o(.bss)
    _RxTCPBuffer                             0x10000d00   Data         256  easyweb.o(.bss)
    Str                                      0x10000e00   Data        5000  easyweb.o(.bss)
    AdapterS                                 0x10002188   Data          24  easyweb.o(.bss)
    State                                    0x100021a0   Data         936  easyweb.o(.bss)
    Calibr                                   0x10002548   Data         576  easyweb.o(.bss)
    __libspace_start                         0x10002788   Data          96  libspace.o(.bss)
    __temporary_stack_top$libspace           0x100027e8   Data           0  libspace.o(.bss)



==============================================================================

Memory Map of the image

  Image Entry point : 0x000000e5

  Load Region LR_IROM1 (Base: 0x00000000, Size: 0x000073ec, Max: 0x00080000, ABSOLUTE, COMPRESSED[0x00007074])

    Execution Region ER_IROM1 (Exec base: 0x00000000, Load base: 0x00000000, Size: 0x0000696c, Max: 0x00080000, ABSOLUTE)

    Exec Addr    Load Addr    Size         Type   Attr      Idx    E Section Name        Object

    0x00000000   0x00000000   0x000000e4   Data   RO           69    RESET               startup_lpc177x_8x.o
    0x000000e4   0x000000e4   0x00000008   Code   RO          235  * !!!main             c_w.l(__main.o)
    0x000000ec   0x000000ec   0x00000034   Code   RO          602    !!!scatter          c_w.l(__scatter.o)
    0x00000120   0x00000120   0x0000003a   Code   RO          600    !!dczerorl          c_w.l(__dczerorl.o)
    0x0000015a   0x0000015a   0x00000002   PAD
    0x0000015c   0x0000015c   0x0000001c   Code   RO          604    !!handler_zi        c_w.l(__scatter_zi.o)
    0x00000178   0x00000178   0x00000000   Code   RO          220    .ARM.Collect$$_printf_percent$$00000000  c_w.l(_printf_percent.o)
    0x00000178   0x00000178   0x00000006   Code   RO          218    .ARM.Collect$$_printf_percent$$00000009  c_w.l(_printf_d.o)
    0x0000017e   0x0000017e   0x00000006   Code   RO          219    .ARM.Collect$$_printf_percent$$0000000A  c_w.l(_printf_u.o)
    0x00000184   0x00000184   0x00000004   Code   RO          305    .ARM.Collect$$_printf_percent$$00000017  c_w.l(_printf_percent_end.o)
    0x00000188   0x00000188   0x00000002   Code   RO          383    .ARM.Collect$$libinit$$00000000  c_w.l(libinit.o)
    0x0000018a   0x0000018a   0x00000000   Code   RO          385    .ARM.Collect$$libinit$$00000002  c_w.l(libinit2.o)
    0x0000018a   0x0000018a   0x00000000   Code   RO          387    .ARM.Collect$$libinit$$00000004  c_w.l(libinit2.o)
    0x0000018a   0x0000018a   0x00000000   Code   RO          390    .ARM.Collect$$libinit$$0000000A  c_w.l(libinit2.o)
    0x0000018a   0x0000018a   0x00000000   Code   RO          392    .ARM.Collect$$libinit$$0000000C  c_w.l(libinit2.o)
    0x0000018a   0x0000018a   0x00000000   Code   RO          394    .ARM.Collect$$libinit$$0000000E  c_w.l(libinit2.o)
    0x0000018a   0x0000018a   0x00000006   Code   RO          395    .ARM.Collect$$libinit$$0000000F  c_w.l(libinit2.o)
    0x00000190   0x00000190   0x00000000   Code   RO          397    .ARM.Collect$$libinit$$00000011  c_w.l(libinit2.o)
    0x00000190   0x00000190   0x0000000c   Code   RO          398    .ARM.Collect$$libinit$$00000012  c_w.l(libinit2.o)
    0x0000019c   0x0000019c   0x00000000   Code   RO          399    .ARM.Collect$$libinit$$00000013  c_w.l(libinit2.o)
    0x0000019c   0x0000019c   0x00000000   Code   RO          401    .ARM.Collect$$libinit$$00000015  c_w.l(libinit2.o)
    0x0000019c   0x0000019c   0x0000000a   Code   RO          402    .ARM.Collect$$libinit$$00000016  c_w.l(libinit2.o)
    0x000001a6   0x000001a6   0x00000000   Code   RO          403    .ARM.Collect$$libinit$$00000017  c_w.l(libinit2.o)
    0x000001a6   0x000001a6   0x00000000   Code   RO          405    .ARM.Collect$$libinit$$00000019  c_w.l(libinit2.o)
    0x000001a6   0x000001a6   0x00000000   Code   RO          407    .ARM.Collect$$libinit$$0000001B  c_w.l(libinit2.o)
    0x000001a6   0x000001a6   0x00000000   Code   RO          409    .ARM.Collect$$libinit$$0000001D  c_w.l(libinit2.o)
    0x000001a6   0x000001a6   0x00000000   Code   RO          411    .ARM.Collect$$libinit$$0000001F  c_w.l(libinit2.o)
    0x000001a6   0x000001a6   0x00000000   Code   RO          413    .ARM.Collect$$libinit$$00000021  c_w.l(libinit2.o)
    0x000001a6   0x000001a6   0x00000000   Code   RO          415    .ARM.Collect$$libinit$$00000023  c_w.l(libinit2.o)
    0x000001a6   0x000001a6   0x00000000   Code   RO          417    .ARM.Collect$$libinit$$00000025  c_w.l(libinit2.o)
    0x000001a6   0x000001a6   0x00000000   Code   RO          421    .ARM.Collect$$libinit$$0000002C  c_w.l(libinit2.o)
    0x000001a6   0x000001a6   0x00000000   Code   RO          423    .ARM.Collect$$libinit$$0000002E  c_w.l(libinit2.o)
    0x000001a6   0x000001a6   0x00000000   Code   RO          425    .ARM.Collect$$libinit$$00000030  c_w.l(libinit2.o)
    0x000001a6   0x000001a6   0x00000000   Code   RO          427    .ARM.Collect$$libinit$$00000032  c_w.l(libinit2.o)
    0x000001a6   0x000001a6   0x00000002   Code   RO          428    .ARM.Collect$$libinit$$00000033  c_w.l(libinit2.o)
    0x000001a8   0x000001a8   0x00000002   Code   RO          511    .ARM.Collect$$libshutdown$$00000000  c_w.l(libshutdown.o)
    0x000001aa   0x000001aa   0x00000000   Code   RO          536    .ARM.Collect$$libshutdown$$00000002  c_w.l(libshutdown2.o)
    0x000001aa   0x000001aa   0x00000000   Code   RO          538    .ARM.Collect$$libshutdown$$00000004  c_w.l(libshutdown2.o)
    0x000001aa   0x000001aa   0x00000000   Code   RO          540    .ARM.Collect$$libshutdown$$00000006  c_w.l(libshutdown2.o)
    0x000001aa   0x000001aa   0x00000000   Code   RO          543    .ARM.Collect$$libshutdown$$00000009  c_w.l(libshutdown2.o)
    0x000001aa   0x000001aa   0x00000000   Code   RO          546    .ARM.Collect$$libshutdown$$0000000C  c_w.l(libshutdown2.o)
    0x000001aa   0x000001aa   0x00000000   Code   RO          548    .ARM.Collect$$libshutdown$$0000000E  c_w.l(libshutdown2.o)
    0x000001aa   0x000001aa   0x00000000   Code   RO          551    .ARM.Collect$$libshutdown$$00000011  c_w.l(libshutdown2.o)
    0x000001aa   0x000001aa   0x00000002   Code   RO          552    .ARM.Collect$$libshutdown$$00000012  c_w.l(libshutdown2.o)
    0x000001ac   0x000001ac   0x00000000   Code   RO          291    .ARM.Collect$$rtentry$$00000000  c_w.l(__rtentry.o)
    0x000001ac   0x000001ac   0x00000000   Code   RO          329    .ARM.Collect$$rtentry$$00000002  c_w.l(__rtentry2.o)
    0x000001ac   0x000001ac   0x00000006   Code   RO          341    .ARM.Collect$$rtentry$$00000004  c_w.l(__rtentry4.o)
    0x000001b2   0x000001b2   0x00000000   Code   RO          331    .ARM.Collect$$rtentry$$00000009  c_w.l(__rtentry2.o)
    0x000001b2   0x000001b2   0x00000004   Code   RO          332    .ARM.Collect$$rtentry$$0000000A  c_w.l(__rtentry2.o)
    0x000001b6   0x000001b6   0x00000000   Code   RO          334    .ARM.Collect$$rtentry$$0000000C  c_w.l(__rtentry2.o)
    0x000001b6   0x000001b6   0x00000008   Code   RO          335    .ARM.Collect$$rtentry$$0000000D  c_w.l(__rtentry2.o)
    0x000001be   0x000001be   0x00000002   Code   RO          429    .ARM.Collect$$rtexit$$00000000  c_w.l(rtexit.o)
    0x000001c0   0x000001c0   0x00000000   Code   RO          479    .ARM.Collect$$rtexit$$00000002  c_w.l(rtexit2.o)
    0x000001c0   0x000001c0   0x00000004   Code   RO          480    .ARM.Collect$$rtexit$$00000003  c_w.l(rtexit2.o)
    0x000001c4   0x000001c4   0x00000006   Code   RO          481    .ARM.Collect$$rtexit$$00000004  c_w.l(rtexit2.o)
    0x000001ca   0x000001ca   0x00000002   PAD
    0x000001cc   0x000001cc   0x00000404   Code   RO            2    .text               system_lpc177x_8x.o
    0x000005d0   0x000005d0   0x000005d8   Code   RO           43    .text               ethmac.o
    0x00000ba8   0x00000ba8   0x0000003c   Code   RO           70    .text               startup_lpc177x_8x.o
    0x00000be4   0x00000be4   0x00001958   Code   RO           75    .text               easyweb.o
    0x0000253c   0x0000253c   0x000000a8   Code   RO          122    .text               ew_systick.o
    0x000025e4   0x000025e4   0x00000e90   Code   RO          145    .text               tcpip.o
    0x00003474   0x00003474   0x0000007c   Code   RO          171    .text               serial.o
    0x000034f0   0x000034f0   0x00000028   Code   RO          190    .text               c_w.l(noretval__2sprintf.o)
    0x00003518   0x00003518   0x0000004e   Code   RO          194    .text               c_w.l(_printf_pad.o)
    0x00003566   0x00003566   0x00000002   PAD
    0x00003568   0x00003568   0x00000078   Code   RO          196    .text               c_w.l(_printf_dec.o)
    0x000035e0   0x000035e0   0x00000138   Code   RO          210    .text               c_w.l(__printf_flags_wp.o)
    0x00003718   0x00003718   0x0000001a   Code   RO          221    .text               c_w.l(atoi.o)
    0x00003732   0x00003732   0x00000024   Code   RO          223    .text               c_w.l(strstr.o)
    0x00003756   0x00003756   0x00000058   Code   RO          225    .text               c_w.l(memcmp.o)
    0x000037ae   0x000037ae   0x0000003e   Code   RO          227    .text               c_w.l(strlen.o)
    0x000037ec   0x000037ec   0x0000008a   Code   RO          229    .text               c_w.l(rt_memcpy_v6.o)
    0x00003876   0x00003876   0x00000010   Code   RO          231    .text               c_w.l(aeabi_memset.o)
    0x00003886   0x00003886   0x00000006   Code   RO          233    .text               c_w.l(heapauxi.o)
    0x0000388c   0x0000388c   0x00000008   Code   RO          295    .text               c_w.l(rt_errno_addr_intlibspace.o)
    0x00003894   0x00003894   0x00000016   Code   RO          297    .text               c_w.l(_rserrno.o)
    0x000038aa   0x000038aa   0x000000b2   Code   RO          299    .text               c_w.l(_printf_intcommon.o)
    0x0000395c   0x0000395c   0x00000030   Code   RO          301    .text               c_w.l(_printf_char_common.o)
    0x0000398c   0x0000398c   0x0000000a   Code   RO          303    .text               c_w.l(_sputc.o)
    0x00003996   0x00003996   0x00000002   PAD
    0x00003998   0x00003998   0x000000a4   Code   RO          306    .text               c_w.l(strtod.o)
    0x00003a3c   0x00003a3c   0x00000070   Code   RO          308    .text               c_w.l(strtol.o)
    0x00003aac   0x00003aac   0x00000064   Code   RO          310    .text               c_w.l(rt_memcpy_w.o)
    0x00003b10   0x00003b10   0x00000044   Code   RO          312    .text               c_w.l(rt_memclr.o)
    0x00003b54   0x00003b54   0x00000008   Code   RO          325    .text               c_w.l(libspace.o)
    0x00003b5c   0x00003b5c   0x00000010   Code   RO          343    .text               c_w.l(rt_ctype_table.o)
    0x00003b6c   0x00003b6c   0x00000012   Code   RO          345    .text               c_w.l(isspace.o)
    0x00003b7e   0x00003b7e   0x00000040   Code   RO          349    .text               c_w.l(_sgetc.o)
    0x00003bbe   0x00003bbe   0x0000009e   Code   RO          351    .text               c_w.l(_strtoul.o)
    0x00003c5c   0x00003c5c   0x0000004e   Code   RO          356    .text               c_w.l(rt_memclr_w.o)
    0x00003caa   0x00003caa   0x0000004a   Code   RO          360    .text               c_w.l(sys_stackheap_outer.o)
    0x00003cf4   0x00003cf4   0x00000008   Code   RO          365    .text               c_w.l(rt_locale_intlibspace.o)
    0x00003cfc   0x00003cfc   0x0000001c   Code   RO          367    .text               c_w.l(_chval.o)
    0x00003d18   0x00003d18   0x000004f8   Code   RO          369    .text               c_w.l(scanf_fp.o)
    0x00004210   0x00004210   0x00000012   Code   RO          374    .text               c_w.l(exit.o)
    0x00004222   0x00004222   0x00000002   PAD
    0x00004224   0x00004224   0x00000080   Code   RO          376    .text               c_w.l(strcmpv7m.o)
    0x000042a4   0x000042a4   0x000000e4   Code   RO          431    .text               c_w.l(bigflt0.o)
    0x00004388   0x00004388   0x00000320   Code   RO          485    .text               c_w.l(scanf_hexfp.o)
    0x000046a8   0x000046a8   0x00000134   Code   RO          487    .text               c_w.l(scanf_infnan.o)
    0x000047dc   0x000047dc   0x0000000c   Code   RO          499    .text               c_w.l(sys_exit.o)
    0x000047e8   0x000047e8   0x00000026   Code   RO          503    .text               c_w.l(llshl.o)
    0x0000480e   0x0000480e   0x00000002   Code   RO          526    .text               c_w.l(use_no_semi.o)
    0x00004810   0x00004810   0x00000000   Code   RO          528    .text               c_w.l(indicate_semi.o)
    0x00004810   0x00004810   0x00000338   Code   RO          444    CL$$btod_div_common  c_w.l(btod.o)
    0x00004b48   0x00004b48   0x00000084   Code   RO          442    CL$$btod_e2d        c_w.l(btod.o)
    0x00004bcc   0x00004bcc   0x000000dc   Code   RO          441    CL$$btod_e2e        c_w.l(btod.o)
    0x00004ca8   0x00004ca8   0x0000002a   Code   RO          438    CL$$btod_ediv       c_w.l(btod.o)
    0x00004cd2   0x00004cd2   0x0000002a   Code   RO          440    CL$$btod_edivd      c_w.l(btod.o)
    0x00004cfc   0x00004cfc   0x0000002a   Code   RO          437    CL$$btod_emul       c_w.l(btod.o)
    0x00004d26   0x00004d26   0x0000002a   Code   RO          439    CL$$btod_emuld      c_w.l(btod.o)
    0x00004d50   0x00004d50   0x00000244   Code   RO          443    CL$$btod_mult_common  c_w.l(btod.o)
    0x00004f94   0x00004f94   0x0000000e   Code   RO          559    i.__mathlib_dbl_overflow  m_ws.l(dunder.o)
    0x00004fa2   0x00004fa2   0x00000002   PAD
    0x00004fa4   0x00004fa4   0x00000010   Code   RO          561    i.__mathlib_dbl_underflow  m_ws.l(dunder.o)
    0x00004fb4   0x00004fb4   0x00000010   Code   RO          472    i.__mathlib_narrow  m_ws.l(narrow.o)
    0x00004fc4   0x00004fc4   0x000000bc   Code   RO          473    i.__mathlib_tofloat  m_ws.l(narrow.o)
    0x00005080   0x00005080   0x00000016   Code   RO          515    i.__support_ldexp   m_ws.l(ldexp.o)
    0x00005096   0x00005096   0x0000000e   Code   RO          208    i._is_digit         c_w.l(__printf_wp.o)
    0x000050a4   0x000050a4   0x0000002a   Code   RO          288    i.atof              m_ws.l(atof.o)
    0x000050ce   0x000050ce   0x00000002   PAD
    0x000050d0   0x000050d0   0x00000058   Code   RO          494    i.frexp             m_ws.l(frexp.o)
    0x00005128   0x00005128   0x00000074   Code   RO          516    i.ldexp             m_ws.l(ldexp.o)
    0x0000519c   0x0000519c   0x0000002c   Code   RO          354    locale$$code        c_w.l(lc_numeric_c.o)
    0x000051c8   0x000051c8   0x0000002c   Code   RO          372    locale$$code        c_w.l(lc_ctype_c.o)
    0x000051f4   0x000051f4   0x00000062   Code   RO          237    x$fpl$d2f           fz_ws.l(d2f.o)
    0x00005256   0x00005256   0x00000002   PAD
    0x00005258   0x00005258   0x00000150   Code   RO          239    x$fpl$dadd          fz_ws.l(daddsub_clz.o)
    0x000053a8   0x000053a8   0x00000010   Code   RO          553    x$fpl$dcheck1       fz_ws.l(dcheck1.o)
    0x000053b8   0x000053b8   0x00000018   Code   RO          314    x$fpl$dcmpinf       fz_ws.l(dcmpi.o)
    0x000053d0   0x000053d0   0x000002b0   Code   RO          246    x$fpl$ddiv          fz_ws.l(ddiv.o)
    0x00005680   0x00005680   0x00000078   Code   RO          249    x$fpl$deqf          fz_ws.l(deqf.o)
    0x000056f8   0x000056f8   0x0000005e   Code   RO          251    x$fpl$dfix          fz_ws.l(dfix.o)
    0x00005756   0x00005756   0x0000002e   Code   RO          256    x$fpl$dflt          fz_ws.l(dflt_clz.o)
    0x00005784   0x00005784   0x00000078   Code   RO          261    x$fpl$dleqf         fz_ws.l(dleqf.o)
    0x000057fc   0x000057fc   0x00000154   Code   RO          263    x$fpl$dmul          fz_ws.l(dmul.o)
    0x00005950   0x00005950   0x0000009c   Code   RO          316    x$fpl$dnaninf       fz_ws.l(dnaninf.o)
    0x000059ec   0x000059ec   0x0000000c   Code   RO          318    x$fpl$dretinf       fz_ws.l(dretinf.o)
    0x000059f8   0x000059f8   0x0000006c   Code   RO          265    x$fpl$drleqf        fz_ws.l(drleqf.o)
    0x00005a64   0x00005a64   0x000001d4   Code   RO          241    x$fpl$dsub          fz_ws.l(daddsub_clz.o)
    0x00005c38   0x00005c38   0x00000056   Code   RO          267    x$fpl$f2d           fz_ws.l(f2d.o)
    0x00005c8e   0x00005c8e   0x00000002   PAD
    0x00005c90   0x00005c90   0x000000c4   Code   RO          269    x$fpl$fadd          fz_ws.l(faddsub_clz.o)
    0x00005d54   0x00005d54   0x00000184   Code   RO          276    x$fpl$fdiv          fz_ws.l(fdiv.o)
    0x00005ed8   0x00005ed8   0x00000030   Code   RO          280    x$fpl$fflt          fz_ws.l(fflt_clz.o)
    0x00005f08   0x00005f08   0x00000102   Code   RO          285    x$fpl$fmul          fz_ws.l(fmul.o)
    0x0000600a   0x0000600a   0x0000008c   Code   RO          320    x$fpl$fnaninf       fz_ws.l(fnaninf.o)
    0x00006096   0x00006096   0x0000000a   Code   RO          322    x$fpl$fretinf       fz_ws.l(fretinf.o)
    0x000060a0   0x000060a0   0x000000ea   Code   RO          271    x$fpl$fsub          fz_ws.l(faddsub_clz.o)
    0x0000618a   0x0000618a   0x00000006   Code   RO          464    x$fpl$ieeestatus    fz_ws.l(istatus.o)
    0x00006190   0x00006190   0x00000064   Code   RO          574    x$fpl$retnan        fz_ws.l(retnan.o)
    0x000061f4   0x000061f4   0x0000005c   Code   RO          512    x$fpl$scalbn        fz_ws.l(scalbn.o)
    0x00006250   0x00006250   0x00000004   Code   RO          358    x$fpl$scanf1        fz_ws.l(scanf1.o)
    0x00006254   0x00006254   0x00000008   Code   RO          466    x$fpl$scanf2        fz_ws.l(scanf2.o)
    0x0000625c   0x0000625c   0x00000030   Code   RO          580    x$fpl$trapveneer    fz_ws.l(trapv.o)
    0x0000628c   0x0000628c   0x00000000   Code   RO          324    x$fpl$usenofp       fz_ws.l(usenofp.o)
    0x0000628c   0x0000628c   0x000004d9   Data   RO           77    .constdata          easyweb.o
    0x00006765   0x00006765   0x00000006   Data   RO          146    .constdata          tcpip.o
    0x0000676b   0x0000676b   0x00000011   Data   RO          211    .constdata          c_w.l(__printf_flags_wp.o)
    0x0000677c   0x0000677c   0x00000094   Data   RO          432    .constdata          c_w.l(bigflt0.o)
    0x00006810   0x00006810   0x00000020   Data   RO          598    Region$$Table       anon$$obj.o
    0x00006830   0x00006830   0x00000008   Data   RO          458    c$$dinf             fz_ws.l(fpconst.o)
    0x00006838   0x00006838   0x00000008   Data   RO          461    c$$dmax             fz_ws.l(fpconst.o)
    0x00006840   0x00006840   0x0000001c   Data   RO          353    locale$$data        c_w.l(lc_numeric_c.o)
    0x0000685c   0x0000685c   0x00000110   Data   RO          371    locale$$data        c_w.l(lc_ctype_c.o)


    Execution Region RW_IRAM1 (Exec base: 0x10000000, Load base: 0x0000696c, Size: 0x00002be8, Max: 0x00010000, ABSOLUTE, COMPRESSED[0x00000708])

    Exec Addr    Load Addr    Size         Type   Attr      Idx    E Section Name        Object

    0x10000000   COMPRESSED   0x00000010   Data   RW            3    .data               system_lpc177x_8x.o
    0x10000010   COMPRESSED   0x00000008   Data   RW           44    .data               ethmac.o
    0x10000018   COMPRESSED   0x00000a60   Data   RW           78    .data               easyweb.o
    0x10000a78   COMPRESSED   0x00000008   Data   RW          123    .data               ew_systick.o
    0x10000a80        -       0x00001d08   Zero   RW           76    .bss                easyweb.o
    0x10002788        -       0x00000060   Zero   RW          326    .bss                c_w.l(libspace.o)
    0x100027e8        -       0x00000000   Zero   RW           68    HEAP                startup_lpc177x_8x.o
    0x100027e8        -       0x00000400   Zero   RW           67    STACK               startup_lpc177x_8x.o


==============================================================================

Image component sizes


      Code (inc. data)   RO Data    RW Data    ZI Data      Debug   Object Name

      6488       1620       1241       2656       7432      15696   easyweb.o
      1496         66          0          8          0       4128   ethmac.o
       168         22          0          8          0      16744   ew_systick.o
       124         14          0          0          0        827   serial.o
        60         22        228          0       1024        788   startup_lpc177x_8x.o
      1028         38          0         16          0      27687   system_lpc177x_8x.o
      3728        326          6          0          0       7561   tcpip.o

    ----------------------------------------------------------------------
     13092       2108       1507       2688       8456      73431   Object Totals
         0          0         32          0          0          0   (incl. Generated)
         0          0          0          0          0          0   (incl. Padding)

    ----------------------------------------------------------------------

      Code (inc. data)   RO Data    RW Data    ZI Data      Debug   Library Member Name

        58          0          0          0          0          0   __dczerorl.o
         8          0          0          0          0         68   __main.o
       312          4         17          0          0         92   __printf_flags_wp.o
        14          0          0          0          0         68   __printf_wp.o
         0          0          0          0          0          0   __rtentry.o
        12          0          0          0          0          0   __rtentry2.o
         6          0          0          0          0          0   __rtentry4.o
        52          8          0          0          0          0   __scatter.o
        28          0          0          0          0          0   __scatter_zi.o
        28          0          0          0          0         68   _chval.o
        48          6          0          0          0         96   _printf_char_common.o
         6          0          0          0          0          0   _printf_d.o
       120         16          0          0          0         92   _printf_dec.o
       178          0          0          0          0         88   _printf_intcommon.o
        78          0          0          0          0        108   _printf_pad.o
         0          0          0          0          0          0   _printf_percent.o
         4          0          0          0          0          0   _printf_percent_end.o
         6          0          0          0          0          0   _printf_u.o
        22          0          0          0          0        100   _rserrno.o
        64          0          0          0          0         84   _sgetc.o
        10          0          0          0          0         68   _sputc.o
       158          0          0          0          0         92   _strtoul.o
        16          0          0          0          0         68   aeabi_memset.o
        26          0          0          0          0         80   atoi.o
       228          4        148          0          0         96   bigflt0.o
      1924        136          0          0          0        756   btod.o
        18          0          0          0          0         80   exit.o
         6          0          0          0          0        152   heapauxi.o
         0          0          0          0          0          0   indicate_semi.o
        18          0          0          0          0         76   isspace.o
        44         10        272          0          0         76   lc_ctype_c.o
        44         10         28          0          0         76   lc_numeric_c.o
         2          0          0          0          0          0   libinit.o
        30          0          0          0          0          0   libinit2.o
         2          0          0          0          0          0   libshutdown.o
         2          0          0          0          0          0   libshutdown2.o
         8          4          0          0         96         68   libspace.o
        38          0          0          0          0         68   llshl.o
        88          0          0          0          0         76   memcmp.o
        40          6          0          0          0         84   noretval__2sprintf.o
        16          4          0          0          0         76   rt_ctype_table.o
         8          4          0          0          0         68   rt_errno_addr_intlibspace.o
         8          4          0          0          0         68   rt_locale_intlibspace.o
        68          0          0          0          0         68   rt_memclr.o
        78          0          0          0          0         80   rt_memclr_w.o
       138          0          0          0          0         68   rt_memcpy_v6.o
       100          0          0          0          0         80   rt_memcpy_w.o
         2          0          0          0          0          0   rtexit.o
        10          0          0          0          0          0   rtexit2.o
      1272         16          0          0          0        168   scanf_fp.o
       800         14          0          0          0        100   scanf_hexfp.o
       308         16          0          0          0        100   scanf_infnan.o
       128          0          0          0          0         68   strcmpv7m.o
        62          0          0          0          0         76   strlen.o
        36          0          0          0          0         80   strstr.o
       164         14          0          0          0        120   strtod.o
       112          0          0          0          0         88   strtol.o
        12          4          0          0          0         68   sys_exit.o
        74          0          0          0          0         80   sys_stackheap_outer.o
         2          0          0          0          0         68   use_no_semi.o
        98          4          0          0          0         92   d2f.o
       804         16          0          0          0        272   daddsub_clz.o
        16          4          0          0          0         68   dcheck1.o
        24          0          0          0          0         68   dcmpi.o
       688        140          0          0          0        208   ddiv.o
       120          4          0          0          0         92   deqf.o
        94          4          0          0          0         92   dfix.o
        46          0          0          0          0         68   dflt_clz.o
       120          4          0          0          0         92   dleqf.o
       340         12          0          0          0        104   dmul.o
       156          4          0          0          0         92   dnaninf.o
        12          0          0          0          0         68   dretinf.o
       108          0          0          0          0         80   drleqf.o
        86          4          0          0          0         84   f2d.o
       430          8          0          0          0        168   faddsub_clz.o
       388         76          0          0          0         96   fdiv.o
        48          0          0          0          0         68   fflt_clz.o
       258          4          0          0          0         84   fmul.o
       140          4          0          0          0         84   fnaninf.o
         0          0         16          0          0          0   fpconst.o
        10          0          0          0          0         68   fretinf.o
         6          0          0          0          0         68   istatus.o
       100          0          0          0          0         68   retnan.o
        92          0          0          0          0         68   scalbn.o
         4          0          0          0          0         68   scanf1.o
         8          0          0          0          0         84   scanf2.o
        48          0          0          0          0         68   trapv.o
         0          0          0          0          0          0   usenofp.o
        42          0          0          0          0         84   atof.o
        30          6          0          0          0        136   dunder.o
        88          8          0          0          0         76   frexp.o
       138          0          0          0          0        160   ldexp.o
       204          4          0          0          0        168   narrow.o

    ----------------------------------------------------------------------
     11908        586        481          0         96       7400   Library Totals
        18          0          0          0          0          0   (incl. Padding)

    ----------------------------------------------------------------------

      Code (inc. data)   RO Data    RW Data    ZI Data      Debug   Library Name

      7144        280        465          0         96       4304   c_w.l
      4244        288         16          0          0       2472   fz_ws.l
       502         18          0          0          0        624   m_ws.l

    ----------------------------------------------------------------------
     11908        586        481          0         96       7400   Library Totals

    ----------------------------------------------------------------------

==============================================================================


      Code (inc. data)   RO Data    RW Data    ZI Data      Debug   

     25000       2694       1988       2688       8552      76043   Grand Totals
     25000       2694       1988       1800       8552      76043   ELF Image Totals (compressed)
     25000       2694       1988       1800          0          0   ROM Totals

==============================================================================

    Total RO  Size (Code + RO Data)                26988 (  26.36kB)
    Total RW  Size (RW Data + ZI Data)             11240 (  10.98kB)
    Total ROM Size (Code + RO Data + RW Data)      28788 (  28.11kB)

==============================================================================

